Component: ARM Compiler 5.06 update 3 (build 300) Tool: armlink [4d35c9]

==============================================================================

Section Cross References

    main.o(i.main) refers to uart.o(i.Init_UART0) for Init_UART0
    main.o(i.main) refers to noretval__2printf.o(.text) for __2printf
    main.o(i.main) refers to gps.o(i.Task_NMEA_Decode) for Task_NMEA_Decode
    main.o(i.main) refers to gps.o(i.Task_Report_Drift) for Task_Report_Drift
    main.o(i.main) refers to uart.o(.data) for buffer_state
    queue.o(i.Q_Dequeue) refers to queue.o(i.Q_Empty) for Q_Empty
    queue.o(i.Q_Enqueue) refers to queue.o(i.Q_Full) for Q_Full
    timers.o(i.Init_PIT) refers to timers.o(i.NVIC_SetPriority) for NVIC_SetPriority
    timers.o(i.Init_PIT) refers to timers.o(i.NVIC_ClearPendingIRQ) for NVIC_ClearPendingIRQ
    timers.o(i.PIT_IRQHandler) refers to timers.o(i.NVIC_ClearPendingIRQ) for NVIC_ClearPendingIRQ
    timers.o(i.PIT_IRQHandler) refers to timers.o(.data) for PIT_interrupt_counter
    uart.o(i.Clear_Queue) refers to queue.o(i.Q_Dequeue) for Q_Dequeue
    uart.o(i.Get_Char) refers to queue.o(i.Q_Dequeue) for Q_Dequeue
    uart.o(i.Get_Char) refers to uart.o(.bss) for RxQ
    uart.o(i.Get_Num_Rx_Chars_Available) refers to queue.o(i.Q_Size) for Q_Size
    uart.o(i.Get_Num_Rx_Chars_Available) refers to uart.o(.bss) for RxQ
    uart.o(i.Init_UART0) refers to aeabi_sdiv.o(.text) for __aeabi_uidivmod
    uart.o(i.Init_UART0) refers to uart.o(i.NVIC_SetPriority) for NVIC_SetPriority
    uart.o(i.Init_UART0) refers to uart.o(i.NVIC_ClearPendingIRQ) for NVIC_ClearPendingIRQ
    uart.o(i.Init_UART0) refers to queue.o(i.Q_Init) for Q_Init
    uart.o(i.Init_UART0) refers to uart.o(.bss) for TxQ
    uart.o(i.Init_UART2) refers to dflti.o(.text) for __aeabi_ui2d
    uart.o(i.Init_UART2) refers to ddiv.o(.text) for __aeabi_ddiv
    uart.o(i.Init_UART2) refers to dfixui.o(.text) for __aeabi_d2uiz
    uart.o(i.Send_String) refers to queue.o(i.Q_Full) for Q_Full
    uart.o(i.Send_String) refers to queue.o(i.Q_Enqueue) for Q_Enqueue
    uart.o(i.Send_String) refers to queue.o(i.Q_Dequeue) for Q_Dequeue
    uart.o(i.Send_String) refers to uart.o(.bss) for TxQ
    uart.o(i.Task_Checksum) refers to queue.o(i.Q_Enqueue) for Q_Enqueue
    uart.o(i.Task_Checksum) refers to uart.o(.bss) for RxQ
    uart.o(i.Task_Checksum) refers to uart.o(.data) for checksum_counter
    uart.o(i.Task_Sentence_Body) refers to queue.o(i.Q_Enqueue) for Q_Enqueue
    uart.o(i.Task_Sentence_Body) refers to queue.o(i.Q_Char) for Q_Char
    uart.o(i.Task_Sentence_Body) refers to uart.o(i.Is_Valid_Character) for Is_Valid_Character
    uart.o(i.Task_Sentence_Body) refers to uart.o(i.Clear_Queue) for Clear_Queue
    uart.o(i.Task_Sentence_Body) refers to noretval__2printf.o(.text) for __2printf
    uart.o(i.Task_Sentence_Body) refers to uart.o(i.Init_UART0) for Init_UART0
    uart.o(i.Task_Sentence_Body) refers to uart.o(.bss) for RxQ
    uart.o(i.Task_Sentence_Body) refers to uart.o(.data) for fsm_isr_counter
    uart.o(i.Task_Sentence_Type) refers to queue.o(i.Q_Enqueue) for Q_Enqueue
    uart.o(i.Task_Sentence_Type) refers to queue.o(i.Q_Char) for Q_Char
    uart.o(i.Task_Sentence_Type) refers to uart.o(i.Is_Text) for Is_Text
    uart.o(i.Task_Sentence_Type) refers to uart.o(i.Clear_Queue) for Clear_Queue
    uart.o(i.Task_Sentence_Type) refers to noretval__2printf.o(.text) for __2printf
    uart.o(i.Task_Sentence_Type) refers to uart.o(i.Init_UART0) for Init_UART0
    uart.o(i.Task_Sentence_Type) refers to uart.o(.bss) for RxQ
    uart.o(i.Task_Sentence_Type) refers to uart.o(.data) for buffer_state
    uart.o(i.Task_Start) refers to queue.o(i.Q_Enqueue) for Q_Enqueue
    uart.o(i.Task_Start) refers to queue.o(i.Q_Char) for Q_Char
    uart.o(i.Task_Start) refers to queue.o(i.Q_Dequeue) for Q_Dequeue
    uart.o(i.Task_Start) refers to uart.o(.bss) for RxQ
    uart.o(i.Task_Start) refers to uart.o(.data) for buffer_state
    uart.o(i.UART0_IRQHandler) refers to uart.o(i.NVIC_ClearPendingIRQ) for NVIC_ClearPendingIRQ
    uart.o(i.UART0_IRQHandler) refers to queue.o(i.Q_Empty) for Q_Empty
    uart.o(i.UART0_IRQHandler) refers to queue.o(i.Q_Dequeue) for Q_Dequeue
    uart.o(i.UART0_IRQHandler) refers to queue.o(i.Q_Full) for Q_Full
    uart.o(i.UART0_IRQHandler) refers to uart.o(i.Task_Start) for Task_Start
    uart.o(i.UART0_IRQHandler) refers to uart.o(i.Task_Sentence_Type) for Task_Sentence_Type
    uart.o(i.UART0_IRQHandler) refers to uart.o(i.Task_Sentence_Body) for Task_Sentence_Body
    uart.o(i.UART0_IRQHandler) refers to uart.o(i.Task_Checksum) for Task_Checksum
    uart.o(i.UART0_IRQHandler) refers to uart.o(i.Clear_Queue) for Clear_Queue
    uart.o(i.UART0_IRQHandler) refers to noretval__2printf.o(.text) for __2printf
    uart.o(i.UART0_IRQHandler) refers to uart.o(.bss) for TxQ
    uart.o(i.UART0_IRQHandler) refers to uart.o(.data) for buffer_state
[...]
    ../clib/angel/sysapp.c                   0x00000000   Number         0  sys_wrch.o ABSOLUTE
    ../clib/angel/sysapp.c                   0x00000000   Number         0  sys_exit.o ABSOLUTE
    ../clib/armsys.c                         0x00000000   Number         0  argv_veneer.o ABSOLUTE
    ../clib/armsys.c                         0x00000000   Number         0  _get_argv_nomalloc.o ABSOLUTE
    ../clib/armsys.c                         0x00000000   Number         0  no_argv.o ABSOLUTE
    ../clib/bigflt.c                         0x00000000   Number         0  bigflt0.o ABSOLUTE
    ../clib/btod.c                           0x00000000   Number         0  btod.o ABSOLUTE
    ../clib/ctype.c                          0x00000000   Number         0  isspace.o ABSOLUTE
    ../clib/division.c                       0x00000000   Number         0  lludiv10.o ABSOLUTE
    ../clib/division.c                       0x00000000   Number         0  rtudiv10.o ABSOLUTE
    ../clib/division.s                       0x00000000   Number         0  aeabi_sdiv.o ABSOLUTE
    ../clib/division.s                       0x00000000   Number         0  aeabi_sdiv_div0.o ABSOLUTE
    ../clib/fenv.c                           0x00000000   Number         0  _rserrno.o ABSOLUTE
    ../clib/heapalloc.c                      0x00000000   Number         0  hrguard.o ABSOLUTE
    ../clib/heapaux.c                        0x00000000   Number         0  heapauxi.o ABSOLUTE
    ../clib/libinit.s                        0x00000000   Number         0  libshutdown.o ABSOLUTE
    ../clib/libinit.s                        0x00000000   Number         0  libinit2.o ABSOLUTE
    ../clib/libinit.s                        0x00000000   Number         0  libinit.o ABSOLUTE
    ../clib/libinit.s                        0x00000000   Number         0  libshutdown2.o ABSOLUTE
    ../clib/locale.s                         0x00000000   Number         0  lc_ctype_c.o ABSOLUTE
    ../clib/locale.s                         0x00000000   Number         0  lc_numeric_c.o ABSOLUTE
    ../clib/longlong.c                       0x00000000   Number         0  llshl.o ABSOLUTE
    ../clib/longlong.c                       0x00000000   Number         0  llmul.o ABSOLUTE
    ../clib/printf.c                         0x00000000   Number         0  __printf_flags_ss_wp.o ABSOLUTE
    ../clib/printf.c                         0x00000000   Number         0  __printf_ss_wp.o ABSOLUTE
    ../clib/printf.c                         0x00000000   Number         0  __printf_flags_wp.o ABSOLUTE
    ../clib/printf.c                         0x00000000   Number         0  noretval__2printf.o ABSOLUTE
    ../clib/printf.c                         0x00000000   Number         0  __printf_wp.o ABSOLUTE
    ../clib/printf.c                         0x00000000   Number         0  __printf_flags_ss.o ABSOLUTE
    ../clib/printf.c                         0x00000000   Number         0  __printf_ss.o ABSOLUTE
    ../clib/printf.c                         0x00000000   Number         0  __printf_flags.o ABSOLUTE
    ../clib/printf.c                         0x00000000   Number         0  __printf_nopercent.o ABSOLUTE
    ../clib/printf.c                         0x00000000   Number         0  __printf.o ABSOLUTE
    ../clib/printf.c                         0x00000000   Number         0  __2printf.o ABSOLUTE
    ../clib/printf.c                         0x00000000   Number         0  _printf_char_file.o ABSOLUTE
    ../clib/printf.c                         0x00000000   Number         0  _printf_char_common.o ABSOLUTE
    ../clib/printf.c                         0x00000000   Number         0  _printf_fp_infnan.o ABSOLUTE
    ../clib/printf.c                         0x00000000   Number         0  _printf_fp_dec.o ABSOLUTE
    ../clib/printf_percent.s                 0x00000000   Number         0  _printf_percent.o ABSOLUTE
    ../clib/printf_percent.s                 0x00000000   Number         0  _printf_f.o ABSOLUTE
    ../clib/printf_percent.s                 0x00000000   Number         0  _printf_percent_end.o ABSOLUTE
    ../clib/scanf.c                          0x00000000   Number         0  _sgetc.o ABSOLUTE
    ../clib/scanf.c                          0x00000000   Number         0  _chval.o ABSOLUTE
    ../clib/scanf.c                          0x00000000   Number         0  scanf_hexfp.o ABSOLUTE
    ../clib/scanf.c                          0x00000000   Number         0  scanf_infnan.o ABSOLUTE
    ../clib/scanf.c                          0x00000000   Number         0  strtol.o ABSOLUTE
    ../clib/scanf.c                          0x00000000   Number         0  scanf_fp.o ABSOLUTE
    ../clib/scanf.c                          0x00000000   Number         0  _strtoul.o ABSOLUTE
    ../clib/scanf.c                          0x00000000   Number         0  strtod.o ABSOLUTE
    ../clib/signal.c                         0x00000000   Number         0  defsig_stak_inner.o ABSOLUTE
    ../clib/signal.c                         0x00000000   Number         0  defsig_fpe_formal.o ABSOLUTE
    ../clib/signal.c                         0x00000000   Number         0  defsig_pvfn_inner.o ABSOLUTE
    ../clib/signal.c                         0x00000000   Number         0  defsig_cppl_inner.o ABSOLUTE
    ../clib/signal.c                         0x00000000   Number         0  defsig_segv_inner.o ABSOLUTE
    ../clib/signal.c                         0x00000000   Number         0  defsig_general.o ABSOLUTE
    ../clib/signal.c                         0x00000000   Number         0  __raise.o ABSOLUTE
    ../clib/signal.c                         0x00000000   Number         0  defsig_fpe_inner.o ABSOLUTE
    ../clib/signal.c                         0x00000000   Number         0  defsig_rtmem_formal.o ABSOLUTE
    ../clib/signal.c                         0x00000000   Number         0  defsig_rtmem_outer.o ABSOLUTE
    ../clib/signal.c                         0x00000000   Number         0  defsig_fpe_outer.o ABSOLUTE
    ../clib/signal.c                         0x00000000   Number         0  defsig_exit.o ABSOLUTE
    ../clib/signal.c                         0x00000000   Number         0  defsig_other.o ABSOLUTE
    ../clib/signal.c                         0x00000000   Number         0  defsig_abrt_inner.o ABSOLUTE
    ../clib/signal.c                         0x00000000   Number         0  defsig_rtred_inner.o ABSOLUTE
    ../clib/signal.c                         0x00000000   Number         0  defsig_rtmem_inner.o ABSOLUTE
    ../clib/signal.s                         0x00000000   Number         0  defsig.o ABSOLUTE
    ../clib/stdio.c                          0x00000000   Number         0  ferror.o ABSOLUTE
    ../clib/stdio.c                          0x00000000   Number         0  ferror_locked.o ABSOLUTE
    ../clib/stdlib.c                         0x00000000   Number         0  exit.o ABSOLUTE
    ../clib/string.c                         0x00000000   Number         0  strcmp.o ABSOLUTE
    ../fplib/cfplib/cmpret.c                 0x00000000   Number         0  cmpret.o ABSOLUTE
    ../fplib/cfplib/d2f.c                    0x00000000   Number         0  d2f.o ABSOLUTE
    ../fplib/cfplib/daddsub.c                0x00000000   Number         0  daddsub.o ABSOLUTE
    ../fplib/cfplib/dcmpin.c                 0x00000000   Number         0  dcmpin.o ABSOLUTE
    ../fplib/cfplib/ddiv.c                   0x00000000   Number         0  ddiv.o ABSOLUTE
    ../fplib/cfplib/dmul.c                   0x00000000   Number         0  dmul.o ABSOLUTE
    ../fplib/cfplib/f2d.c                    0x00000000   Number         0  f2d.o ABSOLUTE
    ../fplib/cfplib/fcmpin.c                 0x00000000   Number         0  fcmpin.o ABSOLUTE
    ../fplib/cfplib/ffix.c                   0x00000000   Number         0  dfixui.o ABSOLUTE
    ../fplib/cfplib/fflt.c                   0x00000000   Number         0  dflti.o ABSOLUTE
    ../fplib/cfplib/fpinit.c                 0x00000000   Number         0  fpinit.o ABSOLUTE
    ../fplib/cfplib/ieee_status.c            0x00000000   Number         0  ieee_status.o ABSOLUTE
    ../fplib/cfplib/nan2.c                   0x00000000   Number         0  fnan2.o ABSOLUTE
    ../fplib/cfplib/nan2.c                   0x00000000   Number         0  dnan2.o ABSOLUTE
    ../fplib/cfplib/retnan.c                 0x00000000   Number         0  retnan.o ABSOLUTE
    ../fplib/cfplib/scalbn.c                 0x00000000   Number         0  dscalbn.o ABSOLUTE
    ../fplib/deqf6m.s                        0x00000000   Number         0  deqf.o ABSOLUTE
    ../fplib/drleqf6m.s                      0x00000000   Number         0  drlef.o ABSOLUTE
    ../fplib/faddsub6m.s                     0x00000000   Number         0  faddsub.o ABSOLUTE
    ../fplib/fpconst.s                       0x00000000   Number         0  fpconst.o ABSOLUTE
    ../fplib/frleqf6m.s                      0x00000000   Number         0  frlef.o ABSOLUTE
    ../fplib/printf1.s                       0x00000000   Number         0  printf1.o ABSOLUTE
    ../fplib/scanf1.s                        0x00000000   Number         0  scanf1.o ABSOLUTE
    ../fplib/scanf2.s                        0x00000000   Number         0  scanf2.o ABSOLUTE
    ../fplib/scanf2a.s                       0x00000000   Number         0  scanf2a.o ABSOLUTE
    ../fplib/scanf2b.s                       0x00000000   Number         0  scanf2b.o ABSOLUTE
    ../fplib/usenofp.s                       0x00000000   Number         0  usenofp.o ABSOLUTE
    ../mathlib/atof.c                        0x00000000   Number         0  atof.o ABSOLUTE
    ../mathlib/dunder.c                      0x00000000   Number         0  dunder.o ABSOLUTE
    ../mathlib/fpclassify.c                  0x00000000   Number         0  fpclassify.o ABSOLUTE
    ../mathlib/frexp.c                       0x00000000   Number         0  frexp.o ABSOLUTE
    ../mathlib/ldexp.c                       0x00000000   Number         0  ldexp_x.o ABSOLUTE
    ../mathlib/ldexp.c                       0x00000000   Number         0  ldexp.o ABSOLUTE
    ../mathlib/narrow.c                      0x00000000   Number         0  narrow.o ABSOLUTE
    ../mathlib/qnan.c                        0x00000000   Number         0  qnan.o ABSOLUTE
    RTE\Device\MKL25Z128xxx4\startup_MKL25Z4.s 0x00000000   Number         0  startup_mkl25z4.o ABSOLUTE
    RTE\Device\MKL25Z128xxx4\system_MKL25Z4.c 0x00000000   Number         0  system_mkl25z4.o ABSOLUTE
    RTE\\Device\\MKL25Z128xxx4\\system_MKL25Z4.c 0x00000000   Number         0  system_mkl25z4.o ABSOLUTE
    dc.s                                     0x00000000   Number         0  dc.o ABSOLUTE
    src\GPS.c                                0x00000000   Number         0  gps.o ABSOLUTE
    src\LEDs.c                               0x00000000   Number         0  leds.o ABSOLUTE
    src\UART.c                               0x00000000   Number         0  uart.o ABSOLUTE
    src\\GPS.c                               0x00000000   Number         0  gps.o ABSOLUTE
    src\\LEDs.c                              0x00000000   Number         0  leds.o ABSOLUTE
    src\\UART.c                              0x00000000   Number         0  uart.o ABSOLUTE
    src\\delay.c                             0x00000000   Number         0  delay.o ABSOLUTE
    src\\main.c                              0x00000000   Number         0  main.o ABSOLUTE
    src\\timers.c                            0x00000000   Number         0  timers.o ABSOLUTE
    src\delay.c                              0x00000000   Number         0  delay.o ABSOLUTE
    src\main.c                               0x00000000   Number         0  main.o ABSOLUTE
    src\queue.c                              0x00000000   Number         0  queue.o ABSOLUTE
    src\timers.c                             0x00000000   Number         0  timers.o ABSOLUTE
    !!!main                                  0x000000c0   Section        8  __main.o(!!!main)
    !!!scatter                               0x000000c8   Section       60  __scatter.o(!!!scatter)
    !!handler_copy                           0x00000104   Section       26  __scatter_copy.o(!!handler_copy)
    !!handler_zi                             0x00000120   Section       28  __scatter_zi.o(!!handler_zi)
    .ARM.Collect$$_printf_percent$$00000000  0x0000013c   Section        2  _printf_percent.o(.ARM.Collect$$_printf_percent$$00000000)
    .ARM.Collect$$_printf_percent$$00000003  0x0000013e   Section       10  _printf_f.o(.ARM.Collect$$_printf_percent$$00000003)
    .ARM.Collect$$_printf_percent$$00000017  0x00000148   Section        4  _printf_percent_end.o(.ARM.Collect$$_printf_percent$$00000017)
    .ARM.Collect$$libinit$$00000000          0x0000014c   Section        2  libinit.o(.ARM.Collect$$libinit$$00000000)
    .ARM.Collect$$libinit$$00000002          0x0000014e   Section        0  libinit2.o(.ARM.Collect$$libinit$$00000002)
    .ARM.Collect$$libinit$$00000004          0x0000014e   Section        0  libinit2.o(.ARM.Collect$$libinit$$00000004)
    .ARM.Collect$$libinit$$0000000A          0x0000014e   Section        0  libinit2.o(.ARM.Collect$$libinit$$0000000A)
    .ARM.Collect$$libinit$$0000000C          0x0000014e   Section        0  libinit2.o(.ARM.Collect$$libinit$$0000000C)
    .ARM.Collect$$libinit$$0000000E          0x0000014e   Section        0  libinit2.o(.ARM.Collect$$libinit$$0000000E)
    .ARM.Collect$$libinit$$0000000F          0x0000014e   Section        6  libinit2.o(.ARM.Collect$$libinit$$0000000F)
    .ARM.Collect$$libinit$$00000011          0x00000154   Section        0  libinit2.o(.ARM.Collect$$libinit$$00000011)
    .ARM.Collect$$libinit$$00000012          0x00000154   Section       12  libinit2.o(.ARM.Collect$$libinit$$00000012)
    .ARM.Collect$$libinit$$00000013          0x00000160   Section        0  libinit2.o(.ARM.Collect$$libinit$$00000013)
    .ARM.Collect$$libinit$$00000015          0x00000160   Section        0  libinit2.o(.ARM.Collect$$libinit$$00000015)
    .ARM.Collect$$libinit$$00000016          0x00000160   Section       10  libinit2.o(.ARM.Collect$$libinit$$00000016)
    .ARM.Collect$$libinit$$00000017          0x0000016a   Section        0  libinit2.o(.ARM.Collect$$libinit$$00000017)
    .ARM.Collect$$libinit$$00000019          0x0000016a   Section        0  libinit2.o(.ARM.Collect$$libinit$$00000019)
    .ARM.Collect$$libinit$$0000001B          0x0000016a   Section        0  libinit2.o(.ARM.Collect$$libinit$$0000001B)
    .ARM.Collect$$libinit$$0000001D          0x0000016a   Section        0  libinit2.o(.ARM.Collect$$libinit$$0000001D)
    .ARM.Collect$$libinit$$0000001F          0x0000016a   Section        0  libinit2.o(.ARM.Collect$$libinit$$0000001F)
    .ARM.Collect$$libinit$$00000021          0x0000016a   Section        0  libinit2.o(.ARM.Collect$$libinit$$00000021)
    .ARM.Collect$$libinit$$00000023          0x0000016a   Section        0  libinit2.o(.ARM.Collect$$libinit$$00000023)
    .ARM.Collect$$libinit$$00000025          0x0000016a   Section        0  libinit2.o(.ARM.Collect$$libinit$$00000025)
    .ARM.Collect$$libinit$$0000002C          0x0000016a   Section        0  libinit2.o(.ARM.Collect$$libinit$$0000002C)
    .ARM.Collect$$libinit$$0000002E          0x0000016a   Section        0  libinit2.o(.ARM.Collect$$libinit$$0000002E)
    .ARM.Collect$$libinit$$00000030          0x0000016a   Section        0  libinit2.o(.ARM.Collect$$libinit$$00000030)
    .ARM.Collect$$libinit$$00000032          0x0000016a   Section        0  libinit2.o(.ARM.Collect$$libinit$$00000032)
    .ARM.Collect$$libinit$$00000033          0x0000016a   Section        2  libinit2.o(.ARM.Collect$$libinit$$00000033)
    .ARM.Collect$$libshutdown$$00000000      0x0000016c   Section        2  libshutdown.o(.ARM.Collect$$libshutdown$$00000000)
    .ARM.Collect$$libshutdown$$00000002      0x0000016e   Section        0  libshutdown2.o(.ARM.Collect$$libshutdown$$00000002)
    .ARM.Collect$$libshutdown$$00000004      0x0000016e   Section        0  libshutdown2.o(.ARM.Collect$$libshutdown$$00000004)
    .ARM.Collect$$libshutdown$$00000007      0x0000016e   Section        0  libshutdown2.o(.ARM.Collect$$libshutdown$$00000007)
    .ARM.Collect$$libshutdown$$0000000A      0x0000016e   Section        0  libshutdown2.o(.ARM.Collect$$libshutdown$$0000000A)
    .ARM.Collect$$libshutdown$$0000000C      0x0000016e   Section        0  libshutdown2.o(.ARM.Collect$$libshutdown$$0000000C)
    .ARM.Collect$$libshutdown$$0000000F      0x0000016e   Section        0  libshutdown2.o(.ARM.Collect$$libshutdown$$0000000F)
    .ARM.Collect$$libshutdown$$00000010      0x0000016e   Section        2  libshutdown2.o(.ARM.Collect$$libshutdown$$00000010)
    .ARM.Collect$$rtentry$$00000000          0x00000170   Section        0  __rtentry.o(.ARM.Collect$$rtentry$$00000000)
    .ARM.Collect$$rtentry$$00000002          0x00000170   Section        0  __rtentry2.o(.ARM.Collect$$rtentry$$00000002)
    .ARM.Collect$$rtentry$$00000004          0x00000170   Section        6  __rtentry4.o(.ARM.Collect$$rtentry$$00000004)
    .ARM.Collect$$rtentry$$00000009          0x00000176   Section        0  __rtentry2.o(.ARM.Collect$$rtentry$$00000009)
    .ARM.Collect$$rtentry$$0000000A          0x00000176   Section        4  __rtentry2.o(.ARM.Collect$$rtentry$$0000000A)
    .ARM.Collect$$rtentry$$0000000C          0x0000017a   Section        0  __rtentry2.o(.ARM.Collect$$rtentry$$0000000C)
    .ARM.Collect$$rtentry$$0000000D          0x0000017a   Section        8  __rtentry2.o(.ARM.Collect$$rtentry$$0000000D)
    .ARM.Collect$$rtexit$$00000000           0x00000182   Section        2  rtexit.o(.ARM.Collect$$rtexit$$00000000)
    .ARM.Collect$$rtexit$$00000002           0x00000184   Section        0  rtexit2.o(.ARM.Collect$$rtexit$$00000002)
    .ARM.Collect$$rtexit$$00000003           0x00000184   Section        4  rtexit2.o(.ARM.Collect$$rtexit$$00000003)
    .ARM.Collect$$rtexit$$00000004           0x00000188   Section        6  rtexit2.o(.ARM.Collect$$rtexit$$00000004)
    .text                                    0x00000190   Section       64  startup_mkl25z4.o(.text)
    .text                                    0x000001d0   Section        0  noretval__2printf.o(.text)
    .text                                    0x000001ec   Section        0  __printf.o(.text)
    .text                                    0x00000258   Section        0  strtol.o(.text)
    .text                                    0x000002c8   Section        0  heapauxi.o(.text)
    .text                                    0x000002d0   Section        0  d2f.o(.text)
    .text                                    0x0000034c   Section        0  f2d.o(.text)
    .text                                    0x000003a0   Section       16  rt_ctype_table.o(.text)
    .text                                    0x000003b0   Section        8  rt_errno_addr_intlibspace.o(.text)
    .text                                    0x000003b8   Section        0  _rserrno.o(.text)
    .text                                    0x000003d0   Section        0  _printf_char_file.o(.text)
    .text                                    0x000003f8   Section        8  libspace.o(.text)
    .ARM.__at_0x400                          0x00000400   Section       16  startup_mkl25z4.o(.ARM.__at_0x400)
    .text                                    0x00000410   Section      346  aeabi_sdiv.o(.text)
    .text                                    0x0000056c   Section        0  _printf_fp_dec.o(.text)
    _fp_digits                               0x0000056f   Thumb Code   408  _printf_fp_dec.o(.text)
    .text                                    0x00000980   Section        0  _strtoul.o(.text)
    .text                                    0x00000a28   Section        0  strtod.o(.text)
    _local_sscanf                            0x00000a29   Thumb Code    60  strtod.o(.text)
    .text                                    0x00000ad4   Section        0  fcmpin.o(.text)
    .text                                    0x00000b38   Section        8  rt_locale_intlibspace.o(.text)
    .text                                    0x00000b40   Section        0  lludiv10.o(.text)
    .text                                    0x00000bba   Section        0  isspace.o(.text)
    .text                                    0x00000bcc   Section        0  _printf_char_common.o(.text)
    _printf_input_char                       0x00000bcd   Thumb Code    10  _printf_char_common.o(.text)
    .text                                    0x00000bfc   Section        0  _printf_fp_infnan.o(.text)
    .text                                    0x00000c84   Section        0  _chval.o(.text)
    .text                                    0x00000ca2   Section        0  _sgetc.o(.text)
    .text                                    0x00000ce8   Section        0  bigflt0.o(.text)
    .text                                    0x00000db0   Section        0  btod.o(.text)
    btod_internal_mul                        0x00000df1   Thumb Code   456  btod.o(.text)
    btod_internal_div                        0x00000fb9   Thumb Code   494  btod.o(.text)
    .text                                    0x00001258   Section        0  ferror.o(.text)
    .text                                    0x00001260   Section        0  rtudiv10.o(.text)
    .text                                    0x00001288   Section        0  cmpret.o(.text)
    .text                                    0x000012b8   Section        0  fnan2.o(.text)
    .text                                    0x000012c8   Section       62  sys_stackheap_outer.o(.text)
    .text                                    0x00001308   Section        0  scanf_fp.o(.text)
    _fp_value                                0x00001309   Thumb Code   526  scanf_fp.o(.text)
    .text                                    0x000017d8   Section        0  exit.o(.text)
    .text                                    0x000017e8   Section        0  strcmp.o(.text)
    .text                                    0x00001870   Section        0  retnan.o(.text)
    .text                                    0x000018ce   Section        0  llmul.o(.text)
    .text                                    0x00001900   Section        0  sys_exit.o(.text)
    .text                                    0x0000190c   Section        0  scanf_hexfp.o(.text)
    .text                                    0x00001c40   Section        0  scanf_infnan.o(.text)
    .text                                    0x00001d7c   Section        2  use_no_semi.o(.text)
    .text                                    0x00001d7e   Section        0  llshl.o(.text)
    .text                                    0x00001d7e   Section        0  indicate_semi.o(.text)
    .text                                    0x00001da0   Section        0  dcmpin.o(.text)
    .text                                    0x00001e30   Section        0  dscalbn.o(.text)
    .text                                    0x00001e90   Section        0  dnan2.o(.text)
    i.Checksum                               0x00001ea4   Section        0  gps.o(i.Checksum)
    i.Clear_Queue                            0x00001eb8   Section        0  uart.o(i.Clear_Queue)
    i.Clear_Remaining_Buffer                 0x00001ee0   Section        0  gps.o(i.Clear_Remaining_Buffer)
    i.FSM_Checksum_Calculation               0x00001efc   Section        0  gps.o(i.FSM_Checksum_Calculation)
    i.FSM_Checksum_Indicator                 0x00001fbc   Section        0  gps.o(i.FSM_Checksum_Indicator)
    i.FSM_Date                               0x00001ff8   Section        0  gps.o(i.FSM_Date)
    i.FSM_Fix_Time                           0x00002094   Section        0  gps.o(i.FSM_Fix_Time)
    i.FSM_Ground_Speed                       0x000020e4   Section        0  gps.o(i.FSM_Ground_Speed)
    i.FSM_Latitude_Direction                 0x000021a8   Section        0  gps.o(i.FSM_Latitude_Direction)
    i.FSM_Latitude_Value                     0x00002204   Section        0  gps.o(i.FSM_Latitude_Value)
    i.FSM_Longitude_Direction                0x000022b4   Section        0  gps.o(i.FSM_Longitude_Direction)
    i.FSM_Longitude_Value                    0x00002310   Section        0  gps.o(i.FSM_Longitude_Value)
    i.FSM_Mag_HDG_Type                       0x000023c0   Section        0  gps.o(i.FSM_Mag_HDG_Type)
    i.FSM_Mag_HDG_Value                      0x0000241c   Section        0  gps.o(i.FSM_Mag_HDG_Value)
    i.FSM_Magnetic_Variation                 0x000024e4   Section        0  gps.o(i.FSM_Magnetic_Variation)
    i.FSM_RMC                                0x000025ac   Section        0  gps.o(i.FSM_RMC)
    i.FSM_Sentence_ID                        0x00002630   Section        0  gps.o(i.FSM_Sentence_ID)
    i.FSM_Status                             0x000026ec   Section        0  gps.o(i.FSM_Status)
    i.FSM_Talker_ID                          0x00002748   Section        0  gps.o(i.FSM_Talker_ID)
    i.FSM_Track_Angle                        0x000027cc   Section        0  gps.o(i.FSM_Track_Angle)
    i.FSM_True_HDG_Type                      0x0000288c   Section        0  gps.o(i.FSM_True_HDG_Type)
    i.FSM_True_HDG_Value                     0x000028e8   Section        0  gps.o(i.FSM_True_HDG_Value)
    i.FSM_VHW                                0x0000299c   Section        0  gps.o(i.FSM_VHW)
    i.FSM_Variation_Direction                0x00002a10   Section        0  gps.o(i.FSM_Variation_Direction)
    i.FSM_Vessel_Speed_Kilo                  0x00002a58   Section        0  gps.o(i.FSM_Vessel_Speed_Kilo)
    i.FSM_Vessel_Speed_Knots                 0x00002b0c   Section        0  gps.o(i.FSM_Vessel_Speed_Knots)
    i.FSM_Vessel_Units_Kilo                  0x00002bd0   Section        0  gps.o(i.FSM_Vessel_Units_Kilo)
    i.FSM_Vessel_Units_Knots                 0x00002c10   Section        0  gps.o(i.FSM_Vessel_Units_Knots)
    i.Get_Buffer                             0x00002c6c   Section        0  gps.o(i.Get_Buffer)
    i.Init_UART0                             0x00002c9c   Section        0  uart.o(i.Init_UART0)
    i.Is_Number                              0x00002da4   Section        0  uart.o(i.Is_Number)
    i.Is_Text                                0x00002dba   Section        0  uart.o(i.Is_Text)
    i.Is_Valid_Character                     0x00002dd4   Section        0  uart.o(i.Is_Valid_Character)
    i.NVIC_ClearPendingIRQ                   0x00002e00   Section        0  timers.o(i.NVIC_ClearPendingIRQ)
    NVIC_ClearPendingIRQ                     0x00002e01   Thumb Code    14  timers.o(i.NVIC_ClearPendingIRQ)
    i.NVIC_ClearPendingIRQ                   0x00002e14   Section        0  uart.o(i.NVIC_ClearPendingIRQ)
    NVIC_ClearPendingIRQ                     0x00002e15   Thumb Code    14  uart.o(i.NVIC_ClearPendingIRQ)
    i.NVIC_SetPriority                       0x00002e28   Section        0  uart.o(i.NVIC_SetPriority)
    NVIC_SetPriority                         0x00002e29   Thumb Code   110  uart.o(i.NVIC_SetPriority)
    i.PIT_IRQHandler                         0x00002ea0   Section        0  timers.o(i.PIT_IRQHandler)
    i.Q_Char                                 0x00002f14   Section        0  queue.o(i.Q_Char)
    i.Q_Dequeue                              0x00002f20   Section        0  queue.o(i.Q_Dequeue)
    i.Q_Empty                                0x00002f60   Section        0  queue.o(i.Q_Empty)
    i.Q_Enqueue                              0x00002f72   Section        0  queue.o(i.Q_Enqueue)
    i.Q_Full                                 0x00002fae   Section        0  queue.o(i.Q_Full)
    i.Q_Init                                 0x00002fc0   Section        0  queue.o(i.Q_Init)
    i.SystemInit                             0x00002fe0   Section        0  system_mkl25z4.o(i.SystemInit)
    i.Task_Checksum                          0x00003118   Section        0  uart.o(i.Task_Checksum)
    i.Task_NMEA_Decode                       0x00003150   Section        0  gps.o(i.Task_NMEA_Decode)
    i.Task_Report_Drift                      0x000031b0   Section        0  gps.o(i.Task_Report_Drift)
    i.Task_Sentence_Body                     0x00003340   Section        0  uart.o(i.Task_Sentence_Body)
    i.Task_Sentence_Type                     0x000033c8   Section        0  uart.o(i.Task_Sentence_Type)
    i.Task_Start                             0x0000345c   Section        0  uart.o(i.Task_Start)
    i.UART0_IRQHandler                       0x0000349c   Section        0  uart.o(i.UART0_IRQHandler)
    i.__ARM_common_ll_muluu                  0x00003578   Section        0  btod.o(i.__ARM_common_ll_muluu)
    i.__ARM_common_switch8                   0x000035a8   Section        0  gps.o(i.__ARM_common_switch8)
    i.__ARM_fpclassify                       0x000035c4   Section        0  fpclassify.o(i.__ARM_fpclassify)
    i.__mathlib_dbl_overflow                 0x000035f0   Section        0  dunder.o(i.__mathlib_dbl_overflow)
    i.__mathlib_dbl_underflow                0x00003604   Section        0  dunder.o(i.__mathlib_dbl_underflow)
    i.__mathlib_narrow                       0x00003618   Section        0  narrow.o(i.__mathlib_narrow)
    i.__mathlib_tofloat                      0x00003628   Section        0  narrow.o(i.__mathlib_tofloat)
    i.__support_ldexp                        0x000036b4   Section        0  ldexp.o(i.__support_ldexp)
    i._is_digit                              0x000036c8   Section        0  __printf_wp.o(i._is_digit)
    i.atof                                   0x000036d6   Section        0  atof.o(i.atof)
    i.fputc                                  0x00003700   Section        0  uart.o(i.fputc)
    i.frexp                                  0x00003724   Section        0  frexp.o(i.frexp)
    i.ldexp                                  0x0000377c   Section        0  ldexp.o(i.ldexp)
    i.main                                   0x000037ec   Section        0  main.o(i.main)
    locale$$code                             0x00003840   Section       44  lc_ctype_c.o(locale$$code)
    locale$$code                             0x0000386c   Section       44  lc_numeric_c.o(locale$$code)
    x$fpl$deqf                               0x00003898   Section      100  deqf.o(x$fpl$deqf)
    x$fpl$drleqf                             0x000038fc   Section      104  drlef.o(x$fpl$drleqf)
    x$fpl$fadd                               0x00003964   Section      140  faddsub.o(x$fpl$fadd)
    _fadd1                                   0x00003971   Thumb Code     0  faddsub.o(x$fpl$fadd)
    x$fpl$frleqf                             0x000039f0   Section       88  frlef.o(x$fpl$frleqf)
    x$fpl$fsub                               0x00003a48   Section      208  faddsub.o(x$fpl$fsub)
    _fsub1                                   0x00003a55   Thumb Code     0  faddsub.o(x$fpl$fsub)
    x$fpl$printf1                            0x00003b18   Section       16  printf1.o(x$fpl$printf1)
    x$fpl$scanf1                             0x00003b28   Section       16  scanf1.o(x$fpl$scanf1)
    x$fpl$scanf2                             0x00003b38   Section       32  scanf2.o(x$fpl$scanf2)
    .constdata                               0x00003b58   Section      148  bigflt0.o(.constdata)
    x$fpl$usenofp                            0x00003b58   Section        0  usenofp.o(x$fpl$usenofp)
    tenpwrs_x                                0x00003b58   Data          60  bigflt0.o(.constdata)
    tenpwrs_i                                0x00003b94   Data          64  bigflt0.o(.constdata)
    .conststring                             0x00003bec   Section      280  gps.o(.conststring)
    c$$dinf                                  0x00003d24   Section        8  fpconst.o(c$$dinf)
    locale$$data                             0x00003d2c   Section      272  lc_ctype_c.o(locale$$data)
    __lcctype_c_name                         0x00003d30   Data           2  lc_ctype_c.o(locale$$data)
    __lcctype_c_start                        0x00003d38   Data           0  lc_ctype_c.o(locale$$data)
    locale$$data                             0x00003e3c   Section       28  lc_numeric_c.o(locale$$data)
    __lcctype_c_end                          0x00003e3c   Data           0  lc_ctype_c.o(locale$$data)
    __lcnum_c_name                           0x00003e40   Data           2  lc_numeric_c.o(locale$$data)
    __lcnum_c_start                          0x00003e48   Data           0  lc_numeric_c.o(locale$$data)
    __lcnum_c_point                          0x00003e54   Data           0  lc_numeric_c.o(locale$$data)
    __lcnum_c_thousands                      0x00003e56   Data           0  lc_numeric_c.o(locale$$data)
    __lcnum_c_grouping                       0x00003e57   Data           0  lc_numeric_c.o(locale$$data)
    __lcnum_c_end                            0x00003e58   Data           0  lc_numeric_c.o(locale$$data)
    .data                                    0x1ffff000   Section       12  timers.o(.data)
    LCD_update_delay                         0x1ffff008   Data           4  timers.o(.data)
    .data                                    0x1ffff00c   Section       24  uart.o(.data)
    .data                                    0x1ffff024   Section      104  gps.o(.data)
    .bss                                     0x1ffff08c   Section      280  uart.o(.bss)
    .bss                                     0x1ffff1a4   Section      178  gps.o(.bss)
    .bss                                     0x1ffff258   Section       96  libspace.o(.bss)
    HEAP                                     0x1ffff2b8   Section        0  startup_mkl25z4.o(HEAP)
    STACK                                    0x1ffff2b8   Section     1024  startup_mkl25z4.o(STACK)
    Heap_Mem                                 0x1ffff2b8   Data           0  startup_mkl25z4.o(HEAP)
    Stack_Mem                                0x1ffff2b8   Data        1024  startup_mkl25z4.o(STACK)
    __initial_sp                             0x1ffff6b8   Data           0  startup_mkl25z4.o(STACK)

    Global Symbols

    Symbol Name                              Value     Ov Type        Size  Object(Section)

    BuildAttributes$$THM_ISAv3M$S$PE$A:L22$X:L11$S22$IEEE1$IW$USESV6$~STKCKD$USESV7$~SHL$OTIME$ROPI$IEEEX$EBA8$UX$STANDARDLIB$REQ8$PRES8$EABIv2 0x00000000   Number         0  anon$$obj.o ABSOLUTE
    __ARM_use_no_argv                        0x00000000   Number         0  main.o ABSOLUTE
    __Vectors                                0x00000000   Data           4  startup_mkl25z4.o(RESET)
    __ARM_exceptions_init                     - Undefined Weak Reference
    __alloca_initialize                       - Undefined Weak Reference
    __arm_preinit_                            - Undefined Weak Reference
    __cpp_initialize__aeabi_                  - Undefined Weak Reference
    __cxa_finalize                            - Undefined Weak Reference
    __sigvec_lookup                           - Undefined Weak Reference
    _atexit_init                              - Undefined Weak Reference
    _call_atexit_fns                          - Undefined Weak Reference
    _clock_init                               - Undefined Weak Reference
    _fp_trap_init                             - Undefined Weak Reference
    _fp_trap_shutdown                         - Undefined Weak Reference
    _get_lc_collate                           - Undefined Weak Reference
    _get_lc_monetary                          - Undefined Weak Reference
    _get_lc_time                              - Undefined Weak Reference
    _getenv_init                              - Undefined Weak Reference
    _handle_redirection                       - Undefined Weak Reference
    _init_alloc                               - Undefined Weak Reference
    _init_user_alloc                          - Undefined Weak Reference
    _initio                                   - Undefined Weak Reference
    _mutex_acquire                            - Undefined Weak Reference
    _mutex_release                            - Undefined Weak Reference
    _printf_post_padding                      - Undefined Weak Reference
    _printf_pre_padding                       - Undefined Weak Reference
    _rand_init                                - Undefined Weak Reference
    _signal_finish                            - Undefined Weak Reference
    _signal_init                              - Undefined Weak Reference
    _terminate_alloc                          - Undefined Weak Reference
    _terminate_user_alloc                     - Undefined Weak Reference
    _terminateio                              - Undefined Weak Reference
    __Vectors_End                            0x000000c0   Data           0  startup_mkl25z4.o(RESET)
    __Vectors_Size                           0x000000c0   Number         0  startup_mkl25z4.o ABSOLUTE
    __main                                   0x000000c1   Thumb Code     8  __main.o(!!!main)
    __scatterload                            0x000000c9   Thumb Code     0  __scatter.o(!!!scatter)
    __scatterload_rt2                        0x000000c9   Thumb Code    52  __scatter.o(!!!scatter)
    __scatterload_rt2_thumb_only             0x000000c9   Thumb Code     0  __scatter.o(!!!scatter)
    __scatterload_null                       0x000000d9   Thumb Code     0  __scatter.o(!!!scatter)
    __scatterload_copy                       0x00000105   Thumb Code    26  __scatter_copy.o(!!handler_copy)
    __scatterload_zeroinit                   0x00000121   Thumb Code    28  __scatter_zi.o(!!handler_zi)
    _printf_percent                          0x0000013d   Thumb Code     0  _printf_percent.o(.ARM.Collect$$_printf_percent$$00000000)
    _printf_f                                0x0000013f   Thumb Code     0  _printf_f.o(.ARM.Collect$$_printf_percent$$00000003)
    _printf_percent_end                      0x00000149   Thumb Code     0  _printf_percent_end.o(.ARM.Collect$$_printf_percent$$00000017)
    __rt_lib_init                            0x0000014d   Thumb Code     0  libinit.o(.ARM.Collect$$libinit$$00000000)
    __rt_lib_init_fp_1                       0x0000014f   Thumb Code     0  libinit2.o(.ARM.Collect$$libinit$$00000002)
    __rt_lib_init_heap_1                     0x0000014f   Thumb Code     0  libinit2.o(.ARM.Collect$$libinit$$0000000A)
    __rt_lib_init_lc_common                  0x0000014f   Thumb Code     0  libinit2.o(.ARM.Collect$$libinit$$0000000F)
    __rt_lib_init_preinit_1                  0x0000014f   Thumb Code     0  libinit2.o(.ARM.Collect$$libinit$$00000004)
    __rt_lib_init_rand_1                     0x0000014f   Thumb Code     0  libinit2.o(.ARM.Collect$$libinit$$0000000E)
    __rt_lib_init_user_alloc_1               0x0000014f   Thumb Code     0  libinit2.o(.ARM.Collect$$libinit$$0000000C)
    __rt_lib_init_lc_collate_1               0x00000155   Thumb Code     0  libinit2.o(.ARM.Collect$$libinit$$00000011)
    __rt_lib_init_lc_ctype_2                 0x00000155   Thumb Code     0  libinit2.o(.ARM.Collect$$libinit$$00000012)
    __rt_lib_init_lc_ctype_1                 0x00000161   Thumb Code     0  libinit2.o(.ARM.Collect$$libinit$$00000013)
    __rt_lib_init_lc_monetary_1              0x00000161   Thumb Code     0  libinit2.o(.ARM.Collect$$libinit$$00000015)
    __rt_lib_init_lc_numeric_2               0x00000161   Thumb Code     0  libinit2.o(.ARM.Collect$$libinit$$00000016)
    __rt_lib_init_alloca_1                   0x0000016b   Thumb Code     0  libinit2.o(.ARM.Collect$$libinit$$0000002E)
    __rt_lib_init_argv_1                     0x0000016b   Thumb Code     0  libinit2.o(.ARM.Collect$$libinit$$0000002C)
    __rt_lib_init_atexit_1                   0x0000016b   Thumb Code     0  libinit2.o(.ARM.Collect$$libinit$$0000001B)
    __rt_lib_init_clock_1                    0x0000016b   Thumb Code     0  libinit2.o(.ARM.Collect$$libinit$$00000021)
    __rt_lib_init_cpp_1                      0x0000016b   Thumb Code     0  libinit2.o(.ARM.Collect$$libinit$$00000032)
    __rt_lib_init_exceptions_1               0x0000016b   Thumb Code     0  libinit2.o(.ARM.Collect$$libinit$$00000030)
    __rt_lib_init_fp_trap_1                  0x0000016b   Thumb Code     0  libinit2.o(.ARM.Collect$$libinit$$0000001F)
    __rt_lib_init_getenv_1                   0x0000016b   Thumb Code     0  libinit2.o(.ARM.Collect$$libinit$$00000023)
    __rt_lib_init_lc_numeric_1               0x0000016b   Thumb Code     0  libinit2.o(.ARM.Collect$$libinit$$00000017)
    __rt_lib_init_lc_time_1                  0x0000016b   Thumb Code     0  libinit2.o(.ARM.Collect$$libinit$$00000019)
    __rt_lib_init_return                     0x0000016b   Thumb Code     0  libinit2.o(.ARM.Collect$$libinit$$00000033)
    __rt_lib_init_signal_1                   0x0000016b   Thumb Code     0  libinit2.o(.ARM.Collect$$libinit$$0000001D)
    __rt_lib_init_stdio_1                    0x0000016b   Thumb Code     0  libinit2.o(.ARM.Collect$$libinit$$00000025)
    __rt_lib_shutdown                        0x0000016d   Thumb Code     0  libshutdown.o(.ARM.Collect$$libshutdown$$00000000)
    __rt_lib_shutdown_cpp_1                  0x0000016f   Thumb Code     0  libshutdown2.o(.ARM.Collect$$libshutdown$$00000002)
    __rt_lib_shutdown_fp_trap_1              0x0000016f   Thumb Code     0  libshutdown2.o(.ARM.Collect$$libshutdown$$00000007)
    __rt_lib_shutdown_heap_1                 0x0000016f   Thumb Code     0  libshutdown2.o(.ARM.Collect$$libshutdown$$0000000F)
    __rt_lib_shutdown_return                 0x0000016f   Thumb Code     0  libshutdown2.o(.ARM.Collect$$libshutdown$$00000010)
    __rt_lib_shutdown_signal_1               0x0000016f   Thumb Code     0  libshutdown2.o(.ARM.Collect$$libshutdown$$0000000A)
    __rt_lib_shutdown_stdio_1                0x0000016f   Thumb Code     0  libshutdown2.o(.ARM.Collect$$libshutdown$$00000004)
    __rt_lib_shutdown_user_alloc_1           0x0000016f   Thumb Code     0  libshutdown2.o(.ARM.Collect$$libshutdown$$0000000C)
    __rt_entry                               0x00000171   Thumb Code     0  __rtentry.o(.ARM.Collect$$rtentry$$00000000)
    __rt_entry_presh_1                       0x00000171   Thumb Code     0  __rtentry2.o(.ARM.Collect$$rtentry$$00000002)
    __rt_entry_sh                            0x00000171   Thumb Code     0  __rtentry4.o(.ARM.Collect$$rtentry$$00000004)
    __rt_entry_li                            0x00000177   Thumb Code     0  __rtentry2.o(.ARM.Collect$$rtentry$$0000000A)
    __rt_entry_postsh_1                      0x00000177   Thumb Code     0  __rtentry2.o(.ARM.Collect$$rtentry$$00000009)
    __rt_entry_main                          0x0000017b   Thumb Code     0  __rtentry2.o(.ARM.Collect$$rtentry$$0000000D)
    __rt_entry_postli_1                      0x0000017b   Thumb Code     0  __rtentry2.o(.ARM.Collect$$rtentry$$0000000C)
    __rt_exit                                0x00000183   Thumb Code     0  rtexit.o(.ARM.Collect$$rtexit$$00000000)
    __rt_exit_ls                             0x00000185   Thumb Code     0  rtexit2.o(.ARM.Collect$$rtexit$$00000003)
    __rt_exit_prels_1                        0x00000185   Thumb Code     0  rtexit2.o(.ARM.Collect$$rtexit$$00000002)
    __rt_exit_exit                           0x00000189   Thumb Code     0  rtexit2.o(.ARM.Collect$$rtexit$$00000004)
    Reset_Handler                            0x00000191   Thumb Code    12  startup_mkl25z4.o(.text)
    NMI_Handler                              0x0000019d   Thumb Code     2  startup_mkl25z4.o(.text)
    HardFault_Handler                        0x0000019f   Thumb Code     2  startup_mkl25z4.o(.text)
    SVC_Handler                              0x000001a1   Thumb Code     2  startup_mkl25z4.o(.text)
    PendSV_Handler                           0x000001a3   Thumb Code     2  startup_mkl25z4.o(.text)
    SysTick_Handler                          0x000001a5   Thumb Code     2  startup_mkl25z4.o(.text)
    ADC0_IRQHandler                          0x000001a7   Thumb Code     0  startup_mkl25z4.o(.text)
    CMP0_IRQHandler                          0x000001a7   Thumb Code     0  startup_mkl25z4.o(.text)
    DAC0_IRQHandler                          0x000001a7   Thumb Code     0  startup_mkl25z4.o(.text)
    DMA0_IRQHandler                          0x000001a7   Thumb Code     0  startup_mkl25z4.o(.text)
    DMA1_IRQHandler                          0x000001a7   Thumb Code     0  startup_mkl25z4.o(.text)
    DMA2_IRQHandler                          0x000001a7   Thumb Code     0  startup_mkl25z4.o(.text)
    DMA3_IRQHandler                          0x000001a7   Thumb Code     0  startup_mkl25z4.o(.text)
    DefaultISR                               0x000001a7   Thumb Code     0  startup_mkl25z4.o(.text)
    FTFA_IRQHandler                          0x000001a7   Thumb Code     0  startup_mkl25z4.o(.text)
    I2C0_IRQHandler                          0x000001a7   Thumb Code     0  startup_mkl25z4.o(.text)
    I2C1_IRQHandler                          0x000001a7   Thumb Code     0  startup_mkl25z4.o(.text)
    LLWU_IRQHandler                          0x000001a7   Thumb Code     0  startup_mkl25z4.o(.text)
    LPTMR0_IRQHandler                        0x000001a7   Thumb Code     0  startup_mkl25z4.o(.text)
    LVD_LVW_IRQHandler                       0x000001a7   Thumb Code     0  startup_mkl25z4.o(.text)
    MCG_IRQHandler                           0x000001a7   Thumb Code     0  startup_mkl25z4.o(.text)
    PORTA_IRQHandler                         0x000001a7   Thumb Code     0  startup_mkl25z4.o(.text)
    PORTD_IRQHandler                         0x000001a7   Thumb Code     0  startup_mkl25z4.o(.text)
    RTC_IRQHandler                           0x000001a7   Thumb Code     0  startup_mkl25z4.o(.text)
    RTC_Seconds_IRQHandler                   0x000001a7   Thumb Code     0  startup_mkl25z4.o(.text)
    Reserved20_IRQHandler                    0x000001a7   Thumb Code     0  startup_mkl25z4.o(.text)
    Reserved39_IRQHandler                    0x000001a7   Thumb Code     0  startup_mkl25z4.o(.text)
    Reserved45_IRQHandler                    0x000001a7   Thumb Code     0  startup_mkl25z4.o(.text)
    SPI0_IRQHandler                          0x000001a7   Thumb Code     0  startup_mkl25z4.o(.text)
    SPI1_IRQHandler                          0x000001a7   Thumb Code     0  startup_mkl25z4.o(.text)
    TPM0_IRQHandler                          0x000001a7   Thumb Code     0  startup_mkl25z4.o(.text)
    TPM1_IRQHandler                          0x000001a7   Thumb Code     0  startup_mkl25z4.o(.text)
    TPM2_IRQHandler                          0x000001a7   Thumb Code     0  startup_mkl25z4.o(.text)
    TSI0_IRQHandler                          0x000001a7   Thumb Code     0  startup_mkl25z4.o(.text)
    UART1_IRQHandler                         0x000001a7   Thumb Code     0  startup_mkl25z4.o(.text)
    UART2_IRQHandler                         0x000001a7   Thumb Code     0  startup_mkl25z4.o(.text)
    USB0_IRQHandler                          0x000001a7   Thumb Code     0  startup_mkl25z4.o(.text)
    __user_initial_stackheap                 0x000001ad   Thumb Code     0  startup_mkl25z4.o(.text)
    __2printf                                0x000001d1   Thumb Code    22  noretval__2printf.o(.text)
    __printf                                 0x000001ed   Thumb Code   108  __printf.o(.text)
    strtol                                   0x00000259   Thumb Code   108  strtol.o(.text)
    __use_two_region_memory                  0x000002c9   Thumb Code     2  heapauxi.o(.text)
    __rt_heap_escrow$2region                 0x000002cb   Thumb Code     2  heapauxi.o(.text)
    __rt_heap_expand$2region                 0x000002cd   Thumb Code     2  heapauxi.o(.text)
    __aeabi_d2f                              0x000002d1   Thumb Code     0  d2f.o(.text)
    _d2f                                     0x000002d1   Thumb Code   120  d2f.o(.text)
    __aeabi_f2d                              0x0000034d   Thumb Code     0  f2d.o(.text)
    _f2d                                     0x0000034d   Thumb Code    80  f2d.o(.text)
    __rt_ctype_table                         0x000003a1   Thumb Code    16  rt_ctype_table.o(.text)
    __aeabi_errno_addr                       0x000003b1   Thumb Code     8  rt_errno_addr_intlibspace.o(.text)
    __errno$intlibspace                      0x000003b1   Thumb Code     0  rt_errno_addr_intlibspace.o(.text)
    __rt_errno_addr$intlibspace              0x000003b1   Thumb Code     0  rt_errno_addr_intlibspace.o(.text)
    __read_errno                             0x000003b9   Thumb Code    10  _rserrno.o(.text)
    __set_errno                              0x000003c3   Thumb Code    12  _rserrno.o(.text)
    _printf_char_file                        0x000003d1   Thumb Code    34  _printf_char_file.o(.text)
    __user_libspace                          0x000003f9   Thumb Code     8  libspace.o(.text)
    __user_perproc_libspace                  0x000003f9   Thumb Code     0  libspace.o(.text)
    __user_perthread_libspace                0x000003f9   Thumb Code     0  libspace.o(.text)
    __aeabi_uidiv                            0x00000411   Thumb Code     0  aeabi_sdiv.o(.text)
    __aeabi_uidivmod                         0x00000411   Thumb Code    20  aeabi_sdiv.o(.text)
    __aeabi_idiv                             0x00000425   Thumb Code     0  aeabi_sdiv.o(.text)
    __aeabi_idivmod                          0x00000425   Thumb Code   326  aeabi_sdiv.o(.text)
    __lib_sel_fp_printf                      0x0000056d   Thumb Code     2  _printf_fp_dec.o(.text)
    _printf_fp_dec_real                      0x00000707   Thumb Code   620  _printf_fp_dec.o(.text)
    _strtoul                                 0x00000981   Thumb Code   166  _strtoul.o(.text)
    __strtod_int                             0x00000a65   Thumb Code    94  strtod.o(.text)
    __fpl_fcmp_InfNaN                        0x00000ad5   Thumb Code    96  fcmpin.o(.text)
    __rt_locale                              0x00000b39   Thumb Code     8  rt_locale_intlibspace.o(.text)
    _ll_udiv10                               0x00000b41   Thumb Code   122  lludiv10.o(.text)
    isspace                                  0x00000bbb   Thumb Code    18  isspace.o(.text)
    _printf_char_common                      0x00000bd7   Thumb Code    32  _printf_char_common.o(.text)
    _printf_fp_infnan                        0x00000bfd   Thumb Code   120  _printf_fp_infnan.o(.text)
    _chval                                   0x00000c85   Thumb Code    30  _chval.o(.text)
    _sgetc                                   0x00000ca3   Thumb Code    32  _sgetc.o(.text)
    _sbackspace                              0x00000cc3   Thumb Code    36  _sgetc.o(.text)
    _btod_etento                             0x00000ce9   Thumb Code   196  bigflt0.o(.text)
    _btod_d2e                                0x00000db1   Thumb Code    64  btod.o(.text)
    _btod_emul                               0x000011a7   Thumb Code    24  btod.o(.text)
    _btod_emuld                              0x000011bf   Thumb Code    60  btod.o(.text)
    _btod_ediv                               0x000011fb   Thumb Code    22  btod.o(.text)
    _btod_edivd                              0x00001211   Thumb Code    60  btod.o(.text)
    ferror                                   0x00001259   Thumb Code     8  ferror.o(.text)
    __rt_udiv10                              0x00001261   Thumb Code    40  rtudiv10.o(.text)
    __fpl_cmpreturn                          0x00001289   Thumb Code    46  cmpret.o(.text)
    __fpl_fcheck_NaN2                        0x000012b9   Thumb Code    10  fnan2.o(.text)
    __user_setup_stackheap                   0x000012c9   Thumb Code    62  sys_stackheap_outer.o(.text)
    _scanf_really_real                       0x00001517   Thumb Code   706  scanf_fp.o(.text)
    exit                                     0x000017d9   Thumb Code    16  exit.o(.text)
    strcmp                                   0x000017e9   Thumb Code   132  strcmp.o(.text)
    __fpl_return_NaN                         0x00001871   Thumb Code    94  retnan.o(.text)
    __aeabi_lmul                             0x000018cf   Thumb Code    48  llmul.o(.text)
    _ll_mul                                  0x000018cf   Thumb Code     0  llmul.o(.text)
    _sys_exit                                0x00001901   Thumb Code     8  sys_exit.o(.text)
    _scanf_really_hex_real                   0x0000190d   Thumb Code   806  scanf_hexfp.o(.text)
    _scanf_really_infnan                     0x00001c41   Thumb Code   300  scanf_infnan.o(.text)
    __I$use$semihosting                      0x00001d7d   Thumb Code     0  use_no_semi.o(.text)
    __use_no_semihosting_swi                 0x00001d7d   Thumb Code     2  use_no_semi.o(.text)
    __aeabi_llsl                             0x00001d7f   Thumb Code    32  llshl.o(.text)
    __semihosting_library_function           0x00001d7f   Thumb Code     0  indicate_semi.o(.text)
    _ll_shift_l                              0x00001d7f   Thumb Code     0  llshl.o(.text)
    __fpl_dcmp_InfNaN                        0x00001da1   Thumb Code   140  dcmpin.o(.text)
    __ARM_scalbn                             0x00001e31   Thumb Code    84  dscalbn.o(.text)
    __fpl_dcheck_NaN2                        0x00001e91   Thumb Code    14  dnan2.o(.text)
    Checksum                                 0x00001ea5   Thumb Code    20  gps.o(i.Checksum)
    Clear_Queue                              0x00001eb9   Thumb Code    38  uart.o(i.Clear_Queue)
    Clear_Remaining_Buffer                   0x00001ee1   Thumb Code    20  gps.o(i.Clear_Remaining_Buffer)
    FSM_Checksum_Calculation                 0x00001efd   Thumb Code   122  gps.o(i.FSM_Checksum_Calculation)
    FSM_Checksum_Indicator                   0x00001fbd   Thumb Code    42  gps.o(i.FSM_Checksum_Indicator)
    FSM_Date                                 0x00001ff9   Thumb Code   104  gps.o(i.FSM_Date)
    FSM_Fix_Time                             0x00002095   Thumb Code    62  gps.o(i.FSM_Fix_Time)
    FSM_Ground_Speed                         0x000020e5   Thumb Code   132  gps.o(i.FSM_Ground_Speed)
    FSM_Latitude_Direction                   0x000021a9   Thumb Code    76  gps.o(i.FSM_Latitude_Direction)
    FSM_Latitude_Value                       0x00002205   Thumb Code   120  gps.o(i.FSM_Latitude_Value)
    FSM_Longitude_Direction                  0x000022b5   Thumb Code    76  gps.o(i.FSM_Longitude_Direction)
    FSM_Longitude_Value                      0x00002311   Thumb Code   120  gps.o(i.FSM_Longitude_Value)
    FSM_Mag_HDG_Type                         0x000023c1   Thumb Code    76  gps.o(i.FSM_Mag_HDG_Type)
    FSM_Mag_HDG_Value                        0x0000241d   Thumb Code   132  gps.o(i.FSM_Mag_HDG_Value)
    FSM_Magnetic_Variation                   0x000024e5   Thumb Code   132  gps.o(i.FSM_Magnetic_Variation)
    FSM_RMC                                  0x000025ad   Thumb Code   128  gps.o(i.FSM_RMC)
    FSM_Sentence_ID                          0x00002631   Thumb Code   142  gps.o(i.FSM_Sentence_ID)
    FSM_Status                               0x000026ed   Thumb Code    76  gps.o(i.FSM_Status)
    FSM_Talker_ID                            0x00002749   Thumb Code    90  gps.o(i.FSM_Talker_ID)
    FSM_Track_Angle                          0x000027cd   Thumb Code   132  gps.o(i.FSM_Track_Angle)
    FSM_True_HDG_Type                        0x0000288d   Thumb Code    76  gps.o(i.FSM_True_HDG_Type)
    FSM_True_HDG_Value                       0x000028e9   Thumb Code   120  gps.o(i.FSM_True_HDG_Value)
    FSM_VHW                                  0x0000299d   Thumb Code   110  gps.o(i.FSM_VHW)
    FSM_Variation_Direction                  0x00002a11   Thumb Code    56  gps.o(i.FSM_Variation_Direction)
    FSM_Vessel_Speed_Kilo                    0x00002a59   Thumb Code   120  gps.o(i.FSM_Vessel_Speed_Kilo)
    FSM_Vessel_Speed_Knots                   0x00002b0d   Thumb Code   132  gps.o(i.FSM_Vessel_Speed_Knots)
    FSM_Vessel_Units_Kilo                    0x00002bd1   Thumb Code    48  gps.o(i.FSM_Vessel_Units_Kilo)
    FSM_Vessel_Units_Knots                   0x00002c11   Thumb Code    76  gps.o(i.FSM_Vessel_Units_Knots)
    Get_Buffer                               0x00002c6d   Thumb Code    48  gps.o(i.Get_Buffer)
    Init_UART0                               0x00002c9d   Thumb Code   232  uart.o(i.Init_UART0)
    Is_Number                                0x00002da5   Thumb Code    22  uart.o(i.Is_Number)
    Is_Text                                  0x00002dbb   Thumb Code    26  uart.o(i.Is_Text)
    Is_Valid_Character                       0x00002dd5   Thumb Code    42  uart.o(i.Is_Valid_Character)
    PIT_IRQHandler                           0x00002ea1   Thumb Code   100  timers.o(i.PIT_IRQHandler)
    Q_Char                                   0x00002f15   Thumb Code    12  queue.o(i.Q_Char)
    Q_Dequeue                                0x00002f21   Thumb Code    64  queue.o(i.Q_Dequeue)
    Q_Empty                                  0x00002f61   Thumb Code    18  queue.o(i.Q_Empty)
    Q_Enqueue                                0x00002f73   Thumb Code    60  queue.o(i.Q_Enqueue)
    Q_Full                                   0x00002faf   Thumb Code    18  queue.o(i.Q_Full)
    Q_Init                                   0x00002fc1   Thumb Code    30  queue.o(i.Q_Init)
    SystemInit                               0x00002fe1   Thumb Code   266  system_mkl25z4.o(i.SystemInit)
    Task_Checksum                            0x00003119   Thumb Code    38  uart.o(i.Task_Checksum)
    Task_NMEA_Decode                         0x00003151   Thumb Code    74  gps.o(i.Task_NMEA_Decode)
    Task_Report_Drift                        0x000031b1   Thumb Code   354  gps.o(i.Task_Report_Drift)
    Task_Sentence_Body                       0x00003341   Thumb Code    86  uart.o(i.Task_Sentence_Body)
    Task_Sentence_Type                       0x000033c9   Thumb Code    86  uart.o(i.Task_Sentence_Type)
    Task_Start                               0x0000345d   Thumb Code    48  uart.o(i.Task_Start)
    UART0_IRQHandler                         0x0000349d   Thumb Code   160  uart.o(i.UART0_IRQHandler)
    __ARM_common_ll_muluu                    0x00003579   Thumb Code    48  btod.o(i.__ARM_common_ll_muluu)
    __ARM_common_switch8                     0x000035a9   Thumb Code    28  gps.o(i.__ARM_common_switch8)
    __ARM_fpclassify                         0x000035c5   Thumb Code    40  fpclassify.o(i.__ARM_fpclassify)
    __mathlib_dbl_overflow                   0x000035f1   Thumb Code    16  dunder.o(i.__mathlib_dbl_overflow)
    __mathlib_dbl_underflow                  0x00003605   Thumb Code    14  dunder.o(i.__mathlib_dbl_underflow)
    __mathlib_narrow                         0x00003619   Thumb Code    16  narrow.o(i.__mathlib_narrow)
    __mathlib_tofloat                        0x00003629   Thumb Code   130  narrow.o(i.__mathlib_tofloat)
    __support_ldexp                          0x000036b5   Thumb Code    20  ldexp.o(i.__support_ldexp)
    _is_digit                                0x000036c9   Thumb Code    14  __printf_wp.o(i._is_digit)
    atof                                     0x000036d7   Thumb Code    42  atof.o(i.atof)
    fputc                                    0x00003701   Thumb Code    32  uart.o(i.fputc)
    frexp                                    0x00003725   Thumb Code    72  frexp.o(i.frexp)
    ldexp                                    0x0000377d   Thumb Code   112  ldexp.o(i.ldexp)
    main                                     0x000037ed   Thumb Code    40  main.o(i.main)
    _get_lc_ctype                            0x00003841   Thumb Code    44  lc_ctype_c.o(locale$$code)
    _get_lc_numeric                          0x0000386d   Thumb Code    44  lc_numeric_c.o(locale$$code)
    __aeabi_cdcmpeq                          0x00003899   Thumb Code     0  deqf.o(x$fpl$deqf)
    _dcmpeq                                  0x00003899   Thumb Code    94  deqf.o(x$fpl$deqf)
    __aeabi_cdrcmple                         0x000038fd   Thumb Code     0  drlef.o(x$fpl$drleqf)
    _drcmple                                 0x000038fd   Thumb Code   100  drlef.o(x$fpl$drleqf)
    __aeabi_fadd                             0x00003965   Thumb Code     0  faddsub.o(x$fpl$fadd)
    _fadd                                    0x00003965   Thumb Code   134  faddsub.o(x$fpl$fadd)
    __aeabi_cfrcmple                         0x000039f1   Thumb Code     0  frlef.o(x$fpl$frleqf)
    _frcmple                                 0x000039f1   Thumb Code    84  frlef.o(x$fpl$frleqf)
    __aeabi_fsub                             0x00003a49   Thumb Code     0  faddsub.o(x$fpl$fsub)
    _fsub                                    0x00003a49   Thumb Code   204  faddsub.o(x$fpl$fsub)
    _printf_fp_dec                           0x00003b19   Thumb Code    16  printf1.o(x$fpl$printf1)
    _scanf_real                              0x00003b29   Thumb Code    16  scanf1.o(x$fpl$scanf1)
    _scanf_hex_real                          0x00003b39   Thumb Code    16  scanf2.o(x$fpl$scanf2)
    _scanf_infnan                            0x00003b49   Thumb Code    16  scanf2.o(x$fpl$scanf2)
    __I$use$fp                               0x00003b58   Number         0  usenofp.o(x$fpl$usenofp)
    Region$$Table$$Base                      0x00003d04   Number         0  anon$$obj.o(Region$$Table)
    Region$$Table$$Limit                     0x00003d24   Number         0  anon$$obj.o(Region$$Table)
    __aeabi_HUGE_VAL                         0x00003d24   Data           0  fpconst.o(c$$dinf)
    __aeabi_HUGE_VALL                        0x00003d24   Data           0  fpconst.o(c$$dinf)
    __aeabi_INFINITY                         0x00003d24   Data           0  fpconst.o(c$$dinf)
    __dInf                                   0x00003d24   Data           0  fpconst.o(c$$dinf)
    __huge_val                               0x00003d24   Data           0  fpconst.o(c$$dinf)
    __ctype                                  0x00003d39   Data           0  lc_ctype_c.o(locale$$data)
    PIT_interrupt_counter                    0x1ffff000   Data           4  timers.o(.data)
    LCD_update_requested                     0x1ffff004   Data           4  timers.o(.data)
    checksum_counter                         0x1ffff00c   Data           4  uart.o(.data)
    buffer_state                             0x1ffff010   Data           4  uart.o(.data)
    fsm_isr_counter                          0x1ffff014   Data           4  uart.o(.data)
    sentence_type_counter                    0x1ffff018   Data           4  uart.o(.data)
    __stdout                                 0x1ffff01c   Data           4  uart.o(.data)
    __stdin                                  0x1ffff020   Data           4  uart.o(.data)
    talker_ID                                0x1ffff024   Data           2  gps.o(.data)
    sentence_ID                              0x1ffff026   Data           4  gps.o(.data)
    fix_time                                 0x1ffff02a   Data           6  gps.o(.data)
    status                                   0x1ffff030   Data           1  gps.o(.data)
    latitude_value                           0x1ffff034   Data           4  gps.o(.data)
    latitude_direction                       0x1ffff038   Data           1  gps.o(.data)
    longitude_value                          0x1ffff03c   Data           4  gps.o(.data)
    longitude_direction                      0x1ffff040   Data           1  gps.o(.data)
    ground_speed                             0x1ffff044   Data           4  gps.o(.data)
    track_angle                              0x1ffff048   Data           4  gps.o(.data)
    date                                     0x1ffff04c   Data           6  gps.o(.data)
    magnetic_variation                       0x1ffff054   Data           4  gps.o(.data)
    magnetic_direction                       0x1ffff058   Data           1  gps.o(.data)
    true_hdg_value                           0x1ffff05c   Data           4  gps.o(.data)
    true_hdg_type                            0x1ffff060   Data           1  gps.o(.data)
    mag_hdg_value                            0x1ffff064   Data           4  gps.o(.data)
    mag_hdg_type                             0x1ffff068   Data           1  gps.o(.data)
    vessel_speed_knots                       0x1ffff06c   Data           4  gps.o(.data)
    vessel_units_knots                       0x1ffff070   Data           1  gps.o(.data)
    vessel_speed_kilo                        0x1ffff074   Data           4  gps.o(.data)
    vessel_units_kilo                        0x1ffff078   Data           1  gps.o(.data)
    checksum_indicator                       0x1ffff079   Data           1  gps.o(.data)
    checksum_value                           0x1ffff07c   Data           4  gps.o(.data)
    checksum_flag                            0x1ffff080   Data           4  gps.o(.data)
    buffer_counter                           0x1ffff084   Data           4  gps.o(.data)
    fsm_counter                              0x1ffff088   Data           4  gps.o(.data)
    TxQ                                      0x1ffff08c   Data         140  uart.o(.bss)
    RxQ                                      0x1ffff118   Data         140  uart.o(.bss)
    rmcS                                     0x1ffff1a4   Data          16  gps.o(.bss)
    vhwS                                     0x1ffff1b4   Data          12  gps.o(.bss)
    local_buffer                             0x1ffff1c0   Data         150  gps.o(.bss)
    __libspace_start                         0x1ffff258   Data          96  libspace.o(.bss)
    __temporary_stack_top$libspace           0x1ffff2b8   Data           0  libspace.o(.bss)



==============================================================================

Memory Map of the image

  Image Entry point : 0x000000c1

  Load Region LR_IROM1 (Base: 0x00000000, Size: 0x00003ee4, Max: 0x00020000, ABSOLUTE)

    Execution Region ER_IROM1 (Base: 0x00000000, Size: 0x00003e58, Max: 0x00020000, ABSOLUTE)

    Base Addr    Size         Type   Attr      Idx    E Section Name        Object

    0x00000000   0x000000c0   Data   RO          594    RESET               startup_mkl25z4.o
    0x000000c0   0x00000008   Code   RO          675  * !!!main             c_p.l(__main.o)
    0x000000c8   0x0000003c   Code   RO         1012    !!!scatter          c_p.l(__scatter.o)
    0x00000104   0x0000001a   Code   RO         1014    !!handler_copy      c_p.l(__scatter_copy.o)
    0x0000011e   0x00000002   PAD
    0x00000120   0x0000001c   Code   RO         1016    !!handler_zi        c_p.l(__scatter_zi.o)
    0x0000013c   0x00000002   Code   RO          666    .ARM.Collect$$_printf_percent$$00000000  c_p.l(_printf_percent.o)
    0x0000013e   0x0000000a   Code   RO          665    .ARM.Collect$$_printf_percent$$00000003  c_p.l(_printf_f.o)
    0x00000148   0x00000004   Code   RO          720    .ARM.Collect$$_printf_percent$$00000017  c_p.l(_printf_percent_end.o)
    0x0000014c   0x00000002   Code   RO          814    .ARM.Collect$$libinit$$00000000  c_p.l(libinit.o)
    0x0000014e   0x00000000   Code   RO          816    .ARM.Collect$$libinit$$00000002  c_p.l(libinit2.o)
    0x0000014e   0x00000000   Code   RO          818    .ARM.Collect$$libinit$$00000004  c_p.l(libinit2.o)
    0x0000014e   0x00000000   Code   RO          821    .ARM.Collect$$libinit$$0000000A  c_p.l(libinit2.o)
    0x0000014e   0x00000000   Code   RO          823    .ARM.Collect$$libinit$$0000000C  c_p.l(libinit2.o)
    0x0000014e   0x00000000   Code   RO          825    .ARM.Collect$$libinit$$0000000E  c_p.l(libinit2.o)
    0x0000014e   0x00000006   Code   RO          826    .ARM.Collect$$libinit$$0000000F  c_p.l(libinit2.o)
    0x00000154   0x00000000   Code   RO          828    .ARM.Collect$$libinit$$00000011  c_p.l(libinit2.o)
    0x00000154   0x0000000c   Code   RO          829    .ARM.Collect$$libinit$$00000012  c_p.l(libinit2.o)
    0x00000160   0x00000000   Code   RO          830    .ARM.Collect$$libinit$$00000013  c_p.l(libinit2.o)
    0x00000160   0x00000000   Code   RO          832    .ARM.Collect$$libinit$$00000015  c_p.l(libinit2.o)
    0x00000160   0x0000000a   Code   RO          833    .ARM.Collect$$libinit$$00000016  c_p.l(libinit2.o)
    0x0000016a   0x00000000   Code   RO          834    .ARM.Collect$$libinit$$00000017  c_p.l(libinit2.o)
    0x0000016a   0x00000000   Code   RO          836    .ARM.Collect$$libinit$$00000019  c_p.l(libinit2.o)
    0x0000016a   0x00000000   Code   RO          838    .ARM.Collect$$libinit$$0000001B  c_p.l(libinit2.o)
    0x0000016a   0x00000000   Code   RO          840    .ARM.Collect$$libinit$$0000001D  c_p.l(libinit2.o)
    0x0000016a   0x00000000   Code   RO          842    .ARM.Collect$$libinit$$0000001F  c_p.l(libinit2.o)
    0x0000016a   0x00000000   Code   RO          844    .ARM.Collect$$libinit$$00000021  c_p.l(libinit2.o)
    0x0000016a   0x00000000   Code   RO          846    .ARM.Collect$$libinit$$00000023  c_p.l(libinit2.o)
    0x0000016a   0x00000000   Code   RO          848    .ARM.Collect$$libinit$$00000025  c_p.l(libinit2.o)
    0x0000016a   0x00000000   Code   RO          852    .ARM.Collect$$libinit$$0000002C  c_p.l(libinit2.o)
    0x0000016a   0x00000000   Code   RO          854    .ARM.Collect$$libinit$$0000002E  c_p.l(libinit2.o)
    0x0000016a   0x00000000   Code   RO          856    .ARM.Collect$$libinit$$00000030  c_p.l(libinit2.o)
    0x0000016a   0x00000000   Code   RO          858    .ARM.Collect$$libinit$$00000032  c_p.l(libinit2.o)
    0x0000016a   0x00000002   Code   RO          859    .ARM.Collect$$libinit$$00000033  c_p.l(libinit2.o)
    0x0000016c   0x00000002   Code   RO          940    .ARM.Collect$$libshutdown$$00000000  c_p.l(libshutdown.o)
    0x0000016e   0x00000000   Code   RO          974    .ARM.Collect$$libshutdown$$00000002  c_p.l(libshutdown2.o)
    0x0000016e   0x00000000   Code   RO          976    .ARM.Collect$$libshutdown$$00000004  c_p.l(libshutdown2.o)
    0x0000016e   0x00000000   Code   RO          979    .ARM.Collect$$libshutdown$$00000007  c_p.l(libshutdown2.o)
    0x0000016e   0x00000000   Code   RO          982    .ARM.Collect$$libshutdown$$0000000A  c_p.l(libshutdown2.o)
    0x0000016e   0x00000000   Code   RO          984    .ARM.Collect$$libshutdown$$0000000C  c_p.l(libshutdown2.o)
    0x0000016e   0x00000000   Code   RO          987    .ARM.Collect$$libshutdown$$0000000F  c_p.l(libshutdown2.o)
    0x0000016e   0x00000002   Code   RO          988    .ARM.Collect$$libshutdown$$00000010  c_p.l(libshutdown2.o)
    0x00000170   0x00000000   Code   RO          702    .ARM.Collect$$rtentry$$00000000  c_p.l(__rtentry.o)
    0x00000170   0x00000000   Code   RO          732    .ARM.Collect$$rtentry$$00000002  c_p.l(__rtentry2.o)
    0x00000170   0x00000006   Code   RO          744    .ARM.Collect$$rtentry$$00000004  c_p.l(__rtentry4.o)
    0x00000176   0x00000000   Code   RO          734    .ARM.Collect$$rtentry$$00000009  c_p.l(__rtentry2.o)
    0x00000176   0x00000004   Code   RO          735    .ARM.Collect$$rtentry$$0000000A  c_p.l(__rtentry2.o)
    0x0000017a   0x00000000   Code   RO          737    .ARM.Collect$$rtentry$$0000000C  c_p.l(__rtentry2.o)
    0x0000017a   0x00000008   Code   RO          738    .ARM.Collect$$rtentry$$0000000D  c_p.l(__rtentry2.o)
    0x00000182   0x00000002   Code   RO          863    .ARM.Collect$$rtexit$$00000000  c_p.l(rtexit.o)
    0x00000184   0x00000000   Code   RO          895    .ARM.Collect$$rtexit$$00000002  c_p.l(rtexit2.o)
    0x00000184   0x00000004   Code   RO          896    .ARM.Collect$$rtexit$$00000003  c_p.l(rtexit2.o)
    0x00000188   0x00000006   Code   RO          897    .ARM.Collect$$rtexit$$00000004  c_p.l(rtexit2.o)
    0x0000018e   0x00000002   PAD
    0x00000190   0x00000040   Code   RO          596    .text               startup_mkl25z4.o
    0x000001d0   0x0000001c   Code   RO          641    .text               c_p.l(noretval__2printf.o)
    0x000001ec   0x0000006c   Code   RO          643    .text               c_p.l(__printf.o)
    0x00000258   0x00000070   Code   RO          667    .text               c_p.l(strtol.o)
    0x000002c8   0x00000006   Code   RO          673    .text               c_p.l(heapauxi.o)
    0x000002ce   0x00000002   PAD
    0x000002d0   0x0000007c   Code   RO          677    .text               fz_ps.l(d2f.o)
    0x0000034c   0x00000054   Code   RO          686    .text               fz_ps.l(f2d.o)
    0x000003a0   0x00000010   Code   RO          703    .text               c_p.l(rt_ctype_table.o)
    0x000003b0   0x00000008   Code   RO          712    .text               c_p.l(rt_errno_addr_intlibspace.o)
    0x000003b8   0x00000016   Code   RO          714    .text               c_p.l(_rserrno.o)
    0x000003ce   0x00000002   PAD
    0x000003d0   0x00000028   Code   RO          718    .text               c_p.l(_printf_char_file.o)
    0x000003f8   0x00000008   Code   RO          728    .text               c_p.l(libspace.o)
    0x00000400   0x00000010   Code   RO          595    .ARM.__at_0x400     startup_mkl25z4.o
    0x00000410   0x0000015a   Code   RO          669    .text               c_p.l(aeabi_sdiv.o)
    0x0000056a   0x00000002   PAD
    0x0000056c   0x00000414   Code   RO          716    .text               c_p.l(_printf_fp_dec.o)
    0x00000980   0x000000a6   Code   RO          721    .text               c_p.l(_strtoul.o)
    0x00000a26   0x00000002   PAD
    0x00000a28   0x000000ac   Code   RO          723    .text               c_p.l(strtod.o)
    0x00000ad4   0x00000064   Code   RO          725    .text               fz_ps.l(fcmpin.o)
    0x00000b38   0x00000008   Code   RO          751    .text               c_p.l(rt_locale_intlibspace.o)
    0x00000b40   0x0000007a   Code   RO          753    .text               c_p.l(lludiv10.o)
    0x00000bba   0x00000012   Code   RO          755    .text               c_p.l(isspace.o)
    0x00000bcc   0x00000030   Code   RO          757    .text               c_p.l(_printf_char_common.o)
    0x00000bfc   0x00000088   Code   RO          759    .text               c_p.l(_printf_fp_infnan.o)
    0x00000c84   0x0000001e   Code   RO          761    .text               c_p.l(_chval.o)
    0x00000ca2   0x00000044   Code   RO          763    .text               c_p.l(_sgetc.o)
    0x00000ce6   0x00000002   PAD
    0x00000ce8   0x000000c8   Code   RO          765    .text               c_p.l(bigflt0.o)
    0x00000db0   0x000004a8   Code   RO          768    .text               c_p.l(btod.o)
    0x00001258   0x00000008   Code   RO          772    .text               c_p.l(ferror.o)
    0x00001260   0x00000028   Code   RO          782    .text               c_p.l(rtudiv10.o)
    0x00001288   0x0000002e   Code   RO          784    .text               fz_ps.l(cmpret.o)
    0x000012b6   0x00000002   PAD
    0x000012b8   0x00000010   Code   RO          786    .text               fz_ps.l(fnan2.o)
    0x000012c8   0x0000003e   Code   RO          794    .text               c_p.l(sys_stackheap_outer.o)
    0x00001306   0x00000002   PAD
    0x00001308   0x000004d0   Code   RO          799    .text               c_p.l(scanf_fp.o)
    0x000017d8   0x00000010   Code   RO          801    .text               c_p.l(exit.o)
    0x000017e8   0x00000088   Code   RO          807    .text               c_p.l(strcmp.o)
    0x00001870   0x0000005e   Code   RO          860    .text               fz_ps.l(retnan.o)
    0x000018ce   0x00000030   Code   RO          867    .text               c_p.l(llmul.o)
    0x000018fe   0x00000002   PAD
    0x00001900   0x0000000c   Code   RO          892    .text               c_p.l(sys_exit.o)
    0x0000190c   0x00000334   Code   RO          901    .text               c_p.l(scanf_hexfp.o)
    0x00001c40   0x0000013c   Code   RO          903    .text               c_p.l(scanf_infnan.o)
    0x00001d7c   0x00000002   Code   RO          925    .text               c_p.l(use_no_semi.o)
    0x00001d7e   0x00000000   Code   RO          927    .text               c_p.l(indicate_semi.o)
    0x00001d7e   0x00000020   Code   RO          930    .text               c_p.l(llshl.o)
    0x00001d9e   0x00000002   PAD
    0x00001da0   0x00000090   Code   RO          941    .text               fz_ps.l(dcmpin.o)
    0x00001e30   0x00000060   Code   RO          943    .text               fz_ps.l(dscalbn.o)
    0x00001e90   0x00000014   Code   RO          989    .text               fz_ps.l(dnan2.o)
    0x00001ea4   0x00000014   Code   RO          389    i.Checksum          gps.o
    0x00001eb8   0x00000026   Code   RO          246    i.Clear_Queue       uart.o
    0x00001ede   0x00000002   PAD
    0x00001ee0   0x0000001c   Code   RO          390    i.Clear_Remaining_Buffer  gps.o
    0x00001efc   0x000000c0   Code   RO          391    i.FSM_Checksum_Calculation  gps.o
    0x00001fbc   0x0000003c   Code   RO          392    i.FSM_Checksum_Indicator  gps.o
    0x00001ff8   0x0000009c   Code   RO          393    i.FSM_Date          gps.o
    0x00002094   0x00000050   Code   RO          394    i.FSM_Fix_Time      gps.o
    0x000020e4   0x000000c4   Code   RO          395    i.FSM_Ground_Speed  gps.o
    0x000021a8   0x0000005c   Code   RO          396    i.FSM_Latitude_Direction  gps.o
    0x00002204   0x000000b0   Code   RO          397    i.FSM_Latitude_Value  gps.o
    0x000022b4   0x0000005c   Code   RO          398    i.FSM_Longitude_Direction  gps.o
    0x00002310   0x000000b0   Code   RO          399    i.FSM_Longitude_Value  gps.o
    0x000023c0   0x0000005c   Code   RO          400    i.FSM_Mag_HDG_Type  gps.o
    0x0000241c   0x000000c8   Code   RO          401    i.FSM_Mag_HDG_Value  gps.o
    0x000024e4   0x000000c8   Code   RO          402    i.FSM_Magnetic_Variation  gps.o
    0x000025ac   0x00000084   Code   RO          403    i.FSM_RMC           gps.o
    0x00002630   0x000000bc   Code   RO          404    i.FSM_Sentence_ID   gps.o
    0x000026ec   0x0000005c   Code   RO          405    i.FSM_Status        gps.o
    0x00002748   0x00000084   Code   RO          406    i.FSM_Talker_ID     gps.o
    0x000027cc   0x000000c0   Code   RO          407    i.FSM_Track_Angle   gps.o
    0x0000288c   0x0000005c   Code   RO          408    i.FSM_True_HDG_Type  gps.o
    0x000028e8   0x000000b4   Code   RO          409    i.FSM_True_HDG_Value  gps.o
    0x0000299c   0x00000074   Code   RO          410    i.FSM_VHW           gps.o
    0x00002a10   0x00000048   Code   RO          411    i.FSM_Variation_Direction  gps.o
    0x00002a58   0x000000b4   Code   RO          412    i.FSM_Vessel_Speed_Kilo  gps.o
    0x00002b0c   0x000000c4   Code   RO          413    i.FSM_Vessel_Speed_Knots  gps.o
    0x00002bd0   0x00000040   Code   RO          414    i.FSM_Vessel_Units_Kilo  gps.o
    0x00002c10   0x0000005c   Code   RO          415    i.FSM_Vessel_Units_Knots  gps.o
    0x00002c6c   0x00000030   Code   RO          416    i.Get_Buffer        gps.o
    0x00002c9c   0x00000108   Code   RO          249    i.Init_UART0        uart.o
    0x00002da4   0x00000016   Code   RO          251    i.Is_Number         uart.o
    0x00002dba   0x0000001a   Code   RO          252    i.Is_Text           uart.o
    0x00002dd4   0x0000002a   Code   RO          253    i.Is_Valid_Character  uart.o
    0x00002dfe   0x00000002   PAD
    0x00002e00   0x00000014   Code   RO          176    i.NVIC_ClearPendingIRQ  timers.o
    0x00002e14   0x00000014   Code   RO          254    i.NVIC_ClearPendingIRQ  uart.o
    0x00002e28   0x00000078   Code   RO          255    i.NVIC_SetPriority  uart.o
    0x00002ea0   0x00000074   Code   RO          178    i.PIT_IRQHandler    timers.o
    0x00002f14   0x0000000c   Code   RO          120    i.Q_Char            queue.o
    0x00002f20   0x00000040   Code   RO          121    i.Q_Dequeue         queue.o
    0x00002f60   0x00000012   Code   RO          122    i.Q_Empty           queue.o
    0x00002f72   0x0000003c   Code   RO          123    i.Q_Enqueue         queue.o
    0x00002fae   0x00000012   Code   RO          124    i.Q_Full            queue.o
    0x00002fc0   0x0000001e   Code   RO          125    i.Q_Init            queue.o
    0x00002fde   0x00000002   PAD
    0x00002fe0   0x00000138   Code   RO          605    i.SystemInit        system_mkl25z4.o
    0x00003118   0x00000038   Code   RO          257    i.Task_Checksum     uart.o
    0x00003150   0x00000060   Code   RO          417    i.Task_NMEA_Decode  gps.o
    0x000031b0   0x00000190   Code   RO          418    i.Task_Report_Drift  gps.o
    0x00003340   0x00000088   Code   RO          258    i.Task_Sentence_Body  uart.o
    0x000033c8   0x00000094   Code   RO          259    i.Task_Sentence_Type  uart.o
    0x0000345c   0x00000040   Code   RO          260    i.Task_Start        uart.o
    0x0000349c   0x000000dc   Code   RO          261    i.UART0_IRQHandler  uart.o
    0x00003578   0x00000030   Code   RO          770    i.__ARM_common_ll_muluu  c_p.l(btod.o)
    0x000035a8   0x0000001c   Code   RO          583    i.__ARM_common_switch8  gps.o
    0x000035c4   0x0000002c   Code   RO          792    i.__ARM_fpclassify  m_ps.l(fpclassify.o)
    0x000035f0   0x00000014   Code   RO          995    i.__mathlib_dbl_overflow  m_ps.l(dunder.o)
    0x00003604   0x00000014   Code   RO          997    i.__mathlib_dbl_underflow  m_ps.l(dunder.o)
    0x00003618   0x00000010   Code   RO          886    i.__mathlib_narrow  m_ps.l(narrow.o)
    0x00003628   0x0000008c   Code   RO          887    i.__mathlib_tofloat  m_ps.l(narrow.o)
    0x000036b4   0x00000014   Code   RO          946    i.__support_ldexp   m_ps.l(ldexp.o)
    0x000036c8   0x0000000e   Code   RO          655    i._is_digit         c_p.l(__printf_wp.o)
    0x000036d6   0x0000002a   Code   RO          699    i.atof              m_ps.l(atof.o)
    0x00003700   0x00000024   Code   RO          265    i.fputc             uart.o
    0x00003724   0x00000058   Code   RO          918    i.frexp             m_ps.l(frexp.o)
    0x0000377c   0x00000070   Code   RO          947    i.ldexp             m_ps.l(ldexp.o)
    0x000037ec   0x00000054   Code   RO           80    i.main              main.o
    0x00003840   0x0000002c   Code   RO          777    locale$$code        c_p.l(lc_ctype_c.o)
    0x0000386c   0x0000002c   Code   RO          780    locale$$code        c_p.l(lc_numeric_c.o)
    0x00003898   0x00000064   Code   RO          913    x$fpl$deqf          fz_ps.l(deqf.o)
    0x000038fc   0x00000068   Code   RO          915    x$fpl$drleqf        fz_ps.l(drlef.o)
    0x00003964   0x0000008c   Code   RO          688    x$fpl$fadd          fz_ps.l(faddsub.o)
    0x000039f0   0x00000058   Code   RO          694    x$fpl$frleqf        fz_ps.l(frlef.o)
    0x00003a48   0x000000d0   Code   RO          690    x$fpl$fsub          fz_ps.l(faddsub.o)
    0x00003b18   0x00000010   Code   RO          696    x$fpl$printf1       fz_ps.l(printf1.o)
    0x00003b28   0x00000010   Code   RO          790    x$fpl$scanf1        fz_ps.l(scanf1.o)
    0x00003b38   0x00000020   Code   RO          880    x$fpl$scanf2        fz_ps.l(scanf2.o)
    0x00003b58   0x00000000   Code   RO          727    x$fpl$usenofp       fz_ps.l(usenofp.o)
    0x00003b58   0x00000094   Data   RO          766    .constdata          c_p.l(bigflt0.o)
    0x00003bec   0x00000118   Data   RO          420    .conststring        gps.o
    0x00003d04   0x00000020   Data   RO         1010    Region$$Table       anon$$obj.o
    0x00003d24   0x00000008   Data   RO          875    c$$dinf             fz_ps.l(fpconst.o)
    0x00003d2c   0x00000110   Data   RO          776    locale$$data        c_p.l(lc_ctype_c.o)
    0x00003e3c   0x0000001c   Data   RO          779    locale$$data        c_p.l(lc_numeric_c.o)


    Execution Region RW_IRAM1 (Base: 0x1ffff000, Size: 0x000006b8, Max: 0x00004000, ABSOLUTE)

    Base Addr    Size         Type   Attr      Idx    E Section Name        Object

    0x1ffff000   0x0000000c   Data   RW          182    .data               timers.o
    0x1ffff00c   0x00000018   Data   RW          267    .data               uart.o
    0x1ffff024   0x00000068   Data   RW          421    .data               gps.o
    0x1ffff08c   0x00000118   Zero   RW          266    .bss                uart.o
    0x1ffff1a4   0x000000b2   Zero   RW          419    .bss                gps.o
    0x1ffff256   0x00000002   PAD
    0x1ffff258   0x00000060   Zero   RW          729    .bss                c_p.l(libspace.o)
    0x1ffff2b8   0x00000000   Zero   RW          593    HEAP                startup_mkl25z4.o
    0x1ffff2b8   0x00000400   Zero   RW          592    STACK               startup_mkl25z4.o


==============================================================================

Image component sizes


      Code (inc. data)   RO Data    RW Data    ZI Data      Debug   Object Name

         0          0          0          0          0     216060   delay.o
      4060       1048        280        104        178      16895   gps.o
        84         44          0          0          0       1815   main.o
       202          0          0          0          0       3351   queue.o
        80         44        192          0       1024        900   startup_mkl25z4.o
       312         46          0          0          0        589   system_mkl25z4.o
       136         22          0         12          0     219330   timers.o
      1192        258          0         24        280      15146   uart.o

    ----------------------------------------------------------------------
      6072       1462        504        140       1484     474086   Object Totals
         0          0         32          0          0          0   (incl. Generated)
         6          0          0          0          2          0   (incl. Padding)

    ----------------------------------------------------------------------

      Code (inc. data)   RO Data    RW Data    ZI Data      Debug   Library Member Name

         8          0          0          0          0         68   __main.o
       108          0          0          0          0         76   __printf.o
        14          0          0          0          0         60   __printf_wp.o
         0          0          0          0          0          0   __rtentry.o
        12          0          0          0          0          0   __rtentry2.o
         6          0          0          0          0          0   __rtentry4.o
        60          8          0          0          0          0   __scatter.o
        26          0          0          0          0          0   __scatter_copy.o
        28          0          0          0          0          0   __scatter_zi.o
        30          0          0          0          0         60   _chval.o
        48          6          0          0          0         88   _printf_char_common.o
        40          6          0          0          0         72   _printf_char_file.o
        10          0          0          0          0          0   _printf_f.o
      1044         14          0          0          0        176   _printf_fp_dec.o
       136         16          0          0          0         76   _printf_fp_infnan.o
         2          0          0          0          0          0   _printf_percent.o
         4          0          0          0          0          0   _printf_percent_end.o
        22          0          0          0          0         92   _rserrno.o
        68          0          0          0          0         76   _sgetc.o
       166          0          0          0          0         84   _strtoul.o
       346          0          0          0          0         92   aeabi_sdiv.o
       200          4        148          0          0         80   bigflt0.o
      1240         12          0          0          0        316   btod.o
        16          0          0          0          0         68   exit.o
         8          0          0          0          0         60   ferror.o
         6          0          0          0          0        136   heapauxi.o
         0          0          0          0          0          0   indicate_semi.o
        18          0          0          0          0         68   isspace.o
        44         10        272          0          0         76   lc_ctype_c.o
        44         10         28          0          0         76   lc_numeric_c.o
         2          0          0          0          0          0   libinit.o
        30          0          0          0          0          0   libinit2.o
         2          0          0          0          0          0   libshutdown.o
         2          0          0          0          0          0   libshutdown2.o
         8          4          0          0         96         68   libspace.o
        48          0          0          0          0         72   llmul.o
        32          0          0          0          0         68   llshl.o
       122          0          0          0          0         72   lludiv10.o
        28          6          0          0          0         84   noretval__2printf.o
        16          4          0          0          0         76   rt_ctype_table.o
         8          4          0          0          0         68   rt_errno_addr_intlibspace.o
         8          4          0          0          0         68   rt_locale_intlibspace.o
         2          0          0          0          0          0   rtexit.o
        10          0          0          0          0          0   rtexit2.o
        40          0          0          0          0         60   rtudiv10.o
      1232         20          0          0          0        124   scanf_fp.o
       820         14          0          0          0         84   scanf_hexfp.o
       316         16          0          0          0         84   scanf_infnan.o
       136          4          0          0          0         72   strcmp.o
       172         18          0          0          0        120   strtod.o
       112          4          0          0          0         76   strtol.o
        12          4          0          0          0         60   sys_exit.o
        62          0          0          0          0         80   sys_stackheap_outer.o
         2          0          0          0          0         68   use_no_semi.o
        46          0          0          0          0         60   cmpret.o
       124          4          0          0          0         72   d2f.o
       144          4          0          0          0         76   dcmpin.o
       100          4          0          0          0         92   deqf.o
        20          6          0          0          0         68   dnan2.o
       104          4          0          0          0        104   drlef.o
        96         12          0          0          0         72   dscalbn.o
        84          4          0          0          0         60   f2d.o
       348          8          0          0          0        160   faddsub.o
       100          4          0          0          0         68   fcmpin.o
        16          6          0          0          0         68   fnan2.o
         0          0          8          0          0          0   fpconst.o
        88          4          0          0          0         76   frlef.o
        16          4          0          0          0         76   printf1.o
        94          0          0          0          0         68   retnan.o
        16          4          0          0          0         76   scanf1.o
        32          8          0          0          0        100   scanf2.o
         0          0          0          0          0          0   usenofp.o
        42          0          0          0          0         76   atof.o
        40         10          0          0          0        136   dunder.o
        44          4          0          0          0         60   fpclassify.o
        88         16          0          0          0         72   frexp.o
       132          0          0          0          0        140   ldexp.o
       156         10          0          0          0        144   narrow.o

    ----------------------------------------------------------------------
      8928        304        456          0         96       5228   Library Totals
        22          0          0          0          0          0   (incl. Padding)

    ----------------------------------------------------------------------

      Code (inc. data)   RO Data    RW Data    ZI Data      Debug   Library Name

      6976        188        448          0         96       3304   c_p.l
      1428         76          8          0          0       1296   fz_ps.l
       502         40          0          0          0        628   m_ps.l

    ----------------------------------------------------------------------
      8928        304        456          0         96       5228   Library Totals

    ----------------------------------------------------------------------

==============================================================================


      Code (inc. data)   RO Data    RW Data    ZI Data      Debug   

     15000       1766        960        140       1580     474226   Grand Totals
     15000       1766        960        140       1580     474226   ELF Image Totals
     15000       1766        960        140          0          0   ROM Totals

==============================================================================

    Total RO  Size (Code + RO Data)                15960 (  15.59kB)
    Total RW  Size (RW Data + ZI Data)              1720 (   1.68kB)
    Total ROM Size (Code + RO Data + RW Data)      16100 (  15.72kB)

==============================================================================

