################################################################################
#                                                                              #
#      IAR Universal Linker V6.3.4.78                                          #
#                                                                              #
#           Link time     =  20/Apr/2016  15:49:51                             #
#           Target CPU    =  MSP430                                            #
#           List file     =  "C:\Users\Calvin\Dropbox\ncsu\ece306\Project8\Deb #
#                            ug\List\Project 04.map"                           #
#           Output file 1 =  "C:\Users\Calvin\Dropbox\ncsu\ece306\Project8\Deb #
#                            ug\Exe\Project 04.d43"                            #
#                            Format: ubrof10                                   #
#                            UBROF version 10.0.6                              #
#                            Using library modules for C-SPY (-rt)             #
#           Command line  =  C:\Users\Calvin\Dropbox\ncsu\ece306\Project8\Debu #
#                            g\Obj\adc.r43                                     #
#                            C:\Users\Calvin\Dropbox\ncsu\ece306\Project8\Debu #
#                            g\Obj\clocks.r43                                  #
#                            C:\Users\Calvin\Dropbox\ncsu\ece306\Project8\Debu #
#                            g\Obj\display.r43                                 #
#                            C:\Users\Calvin\Dropbox\ncsu\ece306\Project8\Debu #
#                            g\Obj\init.r43                                    #
#                            C:\Users\Calvin\Dropbox\ncsu\ece306\Project8\Debu #
#                            g\Obj\interrupts_serial.r43                       #
#                            C:\Users\Calvin\Dropbox\ncsu\ece306\Project8\Debu #
#                            g\Obj\interrupts_switch.r43                       #
#                            C:\Users\Calvin\Dropbox\ncsu\ece306\Project8\Debu #
#                            g\Obj\interrupts_timer.r43                        #
#                            C:\Users\Calvin\Dropbox\ncsu\ece306\Project8\Debu #
#                            g\Obj\iot.r43                                     #
#                            C:\Users\Calvin\Dropbox\ncsu\ece306\Project8\LCD. #
#                            r43                                               #
#                            C:\Users\Calvin\Dropbox\ncsu\ece306\Project8\Debu #
#                            g\Obj\LED.r43                                     #
#                            C:\Users\Calvin\Dropbox\ncsu\ece306\Project8\Debu #
#                            g\Obj\main.r43                                    #
#                            C:\Users\Calvin\Dropbox\ncsu\ece306\Project8\Debu #
#                            g\Obj\ports.r43                                   #
#                            C:\Users\Calvin\Dropbox\ncsu\ece306\Project8\Debu #
#                            g\Obj\sc.r43                                      #
#                            C:\Users\Calvin\Dropbox\ncsu\ece306\Project8\Debu #
#                            g\Obj\switch.r43                                  #
#                            C:\Users\Calvin\Dropbox\ncsu\ece306\Project8\Debu #
#                            g\Obj\system.r43                                  #
#                            C:\Users\Calvin\Dropbox\ncsu\ece306\Project8\Debu #
#                            g\Obj\timer.r43                                   #
#                            C:\Users\Calvin\Dropbox\ncsu\ece306\Project8\Debu #
#                            g\Obj\wheels.r43                                  #
#                            -o                                                #
#                            "C:\Users\Calvin\Dropbox\ncsu\ece306\Project8\Deb #
#                            ug\Exe\Project 04.d43"                            #
#                            -l                                                #
#                            "C:\Users\Calvin\Dropbox\ncsu\ece306\Project8\Deb #
#                            ug\List\Project 04.map"                           #
#                            -xesni                                            #
#                            "-IC:\Program Files (x86)\IAR Systems\Embedded Wo #
#                            rkbench 7.3\430\LIB\"                             #
#                            -f                                                #
#                            "C:\Program Files (x86)\IAR Systems\Embedded Work #
#                            bench 7.3\430\config\linker\lnk430fr5739.xcl"     #
#                            (-cmsp430 -QCODE_I=CODE_ID -QTLS16_I=TLS16_ID     #
#                            -D__iar_HWMUL=4C0 -Z(CONST)INFO=1800-18FF         #
#                            -Z(CONST)INFOA=1880-18FF                          #
#                            -Z(CONST)INFOB=1800-187F                          #
#                            -Z(DATA)DATA16_I,DATA16_Z,DATA16_N,TLS16_I=1C00-1 #
#                            FFF                                               #
#                            -Z(DATA)CODE_I                                    #
#                            -Z(DATA)DATA20_I,DATA20_Z,DATA20_N                #
#                            -Z(DATA)CSTACK+_STACK_SIZE#                       #
#                            -Z(CONST)DATA16_P,DATA20_P=C200-FF7F              #
#                            -Z(DATA)DATA16_HEAP+_DATA16_HEAP_SIZE,DATA20_HEAP #
#                            +_DATA20_HEAP_SIZE                                #
#                            -Z(CONST)MPU_B1                                   #
#                            -Z(CONST)DATA16_C,DATA16_ID,TLS16_ID,DIFUNCT,CHEC #
#                            KSUM=C200-FF7F                                    #
#                            -Z(CONST)DATA20_C,DATA20_ID -Z(CONST)MPU_B2       #
#                            -Z(CODE)CSTART,ISR_CODE,CODE_ID=C200-FF7F         #
#                            -P(CODE)CODE,CODE16=C200-FF7F -Z(CODE)CODE_PAD    #
#                            -Z(CONST)SIGNATURE=FF80-FF8F                      #
#                            -Z(CODE)INTVEC=FF90-FFFF                          #
#                            -Z(CODE)RESET=FFFE-FFFF) -f                       #
#                            "C:\Program Files (x86)\IAR Systems\Embedded Work #
#                            bench 7.3\430\config\linker\multiplier32.xcl"     #
#                            (-e?Mul8Hw=?Mul8 -e?Mul16Hw=?Mul16                #
#                            -e?Mul16to32uHw=?Mul16to32u                       #
#                            -e?Mul16to32sHw=?Mul16to32s -e?Mul32Hw32=?Mul32   #
#                            -e?Mul64Hw32=_Mul64i                              #
#                            -e?Mul32u32uto64iHw32=_Mul32u32uto64i             #
#                            -e?Mul32fHw32=_Mul32f                             #
#                            -e_Mul64fHw32Ptr=_Mul64fPtr) -D_STACK_SIZE=A0     #
#                            -rt                                               #
#                            "C:\Program Files (x86)\IAR Systems\Embedded Work #
#                            bench 7.3\430\lib\dlib\dl430xlsfn.r43"            #
#                            -e_PrintfLarge=_Printf -e_ScanfLarge=_Scanf       #
#                            -D_DATA16_HEAP_SIZE=A0 -s __program_start         #
#                            -D_DATA20_HEAP_SIZE=50                            #
#                                                                              #
#                           Copyright (C) 1987-2015 IAR Systems AB.            #
################################################################################





                ****************************************
                *                                      *
                *           CROSS REFERENCE            *
                *                                      *
                ****************************************

       Program entry at :           C23A  Relocatable, from module : ?cstart




                ****************************************
                *                                      *
                *            RUNTIME MODEL             *
                *                                      *
                ****************************************

  __Heap_Handler             = Basic
  __SystemLibrary            = DLib
  __code_model               = large
  __core                     = 430X
  __data_model               = small
  __dlib_file_descriptor     = 0
  __dlib_full_locale_support = 0
  __double_size              = 32
  __pic                      = no
  __reg_r4                   = free
  __reg_r5                   = free
  __rt_version               = 3

                ****************************************
                *                                      *
                *    AUTOMATIC SYMBOL REDIRECTIONS     *
                *                                      *
                ****************************************

                  There are no automatic symbol redirections.

                ****************************************
                *                                      *
                *              ENTRY LIST              *
                *                                      *
                ****************************************

Module  Entry                              Address
------  -----                              -------
?FILLER_BYTES
?ABS_ENTRY_MOD
        _DATA20_HEAP_SIZE                   0050
        _DATA16_HEAP_SIZE                   00A0
        _STACK_SIZE                         00A0
        __iar_HWMUL                         04C0
adc ( C:\Users\Calvin\Dropbox\ncsu\ece306\Project8\Debug\Obj\adc.r43 )
        _A_ADC10CTL0_L                      0700
        _A_ADC10CTL1_L                      0702
        _A_ADC10CTL2_L                      0704
        _A_ADC10MCTL0_L                     070A
        _A_ADC10MEM0_L                      0712
        _A_ADC10IE_L                        071A
        _A_ADC10IV_L                        071E
        Init_ADC                            C8E4
        ADC10_ISR                           C262
        ADC_Process                         CDDC
        dec_to_char                         NOT NEEDED
        offload_num                         NOT NEEDED
        ADC10_ISR::??INTVEC 92              FFEC
        ?setjmp_save_r4                     NOT NEEDED
        ?setjmp_save_r5                     NOT NEEDED
        ADC10CTL0                           0700
        ADC10CTL0_H                         0701
        ADC10CTL0_L                         0700
        ADC10CTL1                           0702
        ADC10CTL1_H                         0703
        ADC10CTL1_L                         0702
        ADC10CTL2                           0704
        ADC10CTL2_H                         0705
        ADC10CTL2_L                         0704
        ADC10MCTL0                          070A
        ADC10MCTL0_H                        070B
        ADC10MCTL0_L                        070A
        ADC10MEM0                           0712
        ADC10MEM0_H                         0713
        ADC10MEM0_L                         0712
        ADC10IE                             071A
        ADC10IE_H                           071B
        ADC10IE_L                           071A
        ADC10IV                             071E
        ADC10IV_H                           071F
        ADC10IV_L                           071E
clocks ( C:\Users\Calvin\Dropbox\ncsu\ece306\Project8\Debug\Obj\clocks.r43 )
        _A_CSCTL0_L                         0160
        _A_CSCTL1_L                         0162
        _A_CSCTL2_L                         0164
        _A_CSCTL3_L                         0166
        _A_CSCTL4_L                         0168
        _A_WDTCTL_L                         015C
        Init_Clocks                         C872
        ?setjmp_save_r4                     NOT NEEDED
        ?setjmp_save_r5                     NOT NEEDED
        CSCTL0                              0160
        CSCTL0_H                            0161
        CSCTL0_L                            0160
        CSCTL1                              0162
        CSCTL1_H                            0163
        CSCTL1_L                            0162
        CSCTL2                              0164
        CSCTL2_H                            0165
        CSCTL2_L                            0164
        CSCTL3                              0166
        CSCTL3_H                            0167
        CSCTL3_L                            0166
        CSCTL4                              0168
        CSCTL4_H                            0169
        CSCTL4_L                            0168
        WDTCTL                              015C
        WDTCTL_H                            015D
        WDTCTL_L                            015C
display ( C:\Users\Calvin\Dropbox\ncsu\ece306\Project8\Debug\Obj\display.r43 )
        Display_Process                     CA62
        ?setjmp_save_r4                     NOT NEEDED
        ?setjmp_save_r5                     NOT NEEDED
init ( C:\Users\Calvin\Dropbox\ncsu\ece306\Project8\Debug\Obj\init.r43 )
        Init_Conditions                     CCAA
        ?setjmp_save_r4                     NOT NEEDED
        ?setjmp_save_r5                     NOT NEEDED
interrupts_serial ( C:\Users\Calvin\Dropbox\ncsu\ece306\Project8\Debug\Obj\interrupts_serial.r43 )
        _A_UCA0RXBUF_L                      05CC
        _A_UCA0TXBUF_L                      05CE
        UCA0IV                              05DE
        _A_UCA1RXBUF_L                      05EC
        _A_UCA1TXBUF_L                      05EE
        UCA1IV                              05FE
        ip_counter                          1C0A
        ip_flag                             1C0C
        car_counter                         1C0E
        start_command                       1C10
        USCI_A0_ISR                         C2CA
        USCI_A1_ISR                         C338
        USCI_A1_ISR::??INTVEC 86            FFE6
        USCI_A0_ISR::??INTVEC 96            FFF0
        ?setjmp_save_r4                     NOT NEEDED
        ?setjmp_save_r5                     NOT NEEDED
        UCA0RXBUF                           05CC
        UCA0RXBUF_H                         05CD
        UCA0RXBUF_L                         05CC
        UCA0TXBUF                           05CE
        UCA0TXBUF_H                         05CF
        UCA0TXBUF_L                         05CE
        UCA1RXBUF                           05EC
        UCA1RXBUF_H                         05ED
        UCA1RXBUF_L                         05EC
        UCA1TXBUF                           05EE
        UCA1TXBUF_H                         05EF
        UCA1TXBUF_L                         05EE
interrupts_switch ( C:\Users\Calvin\Dropbox\ncsu\ece306\Project8\Debug\Obj\interrupts_switch.r43 )
        _A_PBIFG_L                          023C
        switch_interrupt                    C416
        switch_interrupt::??INTVEC 64       FFD0
        ?setjmp_save_r4                     NOT NEEDED
        ?setjmp_save_r5                     NOT NEEDED
        PBIFG                               023C
        PBIFG_H                             023D
        PBIFG_L                             023C
interrupts_timer ( C:\Users\Calvin\Dropbox\ncsu\ece306\Project8\Debug\Obj\interrupts_timer.r43 )
        TA0CCR0                             0352
        TA0CCR1                             0354
        TA0CCR2                             0356
        TA0IV                               036E
        Timer0_A0_ISR                       C440
        TIMER0_A1_ISR                       C448
        TIMER0_A1_ISR::??INTVEC 88          FFE8
        Timer0_A0_ISR::??INTVEC 90          FFEA
        ?setjmp_save_r4                     NOT NEEDED
        ?setjmp_save_r5                     NOT NEEDED
iot ( C:\Users\Calvin\Dropbox\ncsu\ece306\Project8\Debug\Obj\iot.r43 )
        _A_PJOUT_L                          0322
        _A_UCA0TXBUF_L                      NOT NEEDED
        _A_UCA0IFG_L                        05DC
        _A_UCA1TXBUF_L                      NOT NEEDED
        _A_UCA1IE_L                         05FA
        _A_UCA1IFG_L                        05FC
        Write_USB                           NOT NEEDED
        Write_IOT                           NOT NEEDED
        Read_USB                            NOT NEEDED
        Read_IOT                            NOT NEEDED
        check_command                       CCFC
        send_IOT                            CC62
        Clear_command                       CD4E
        Command_length                      CCC8
        Clear_Car_Command                   CD62
        IOT_Reset                           CDAA
        ?setjmp_save_r4                     NOT NEEDED
        ?setjmp_save_r5                     NOT NEEDED
        PJOUT                               0322
        PJOUT_H                             0323
        PJOUT_L                             0322
        UCA0TXBUF                           05CE
        UCA0TXBUF_H                         05CF
        UCA0TXBUF_L                         05CE
        UCA0IFG                             05DC
        UCA0IFG_H                           05DD
        UCA0IFG_L                           05DC
        UCA1TXBUF                           05EE
        UCA1TXBUF_H                         05EF
        UCA1TXBUF_L                         05EE
        UCA1IE                              05FA
        UCA1IE_H                            05FB
        UCA1IE_L                            05FA
        UCA1IFG                             05FC
        UCA1IFG_H                           05FD
        UCA1IFG_L                           05FC
LCD ( C:\Users\Calvin\Dropbox\ncsu\ece306\Project8\LCD.r43 )
        _A_PAOUT_L                          0202
        _A_PBOUT_L                          0222
        _A_UCB0CTLW0_L                      0640
        _A_UCB0BRW_L                        0646
        _A_UCB0TXBUF_L                      064E
        _A_UCB0IFG_L                        066C
        SPI_Char                            NOT NEEDED
        lcd_control                         NOT NEEDED
        display_line_1                      1C4C
        display_line_2                      1C57
        display_line_3                      1C62
        display_line_4                      1C6D
        display_1                           1C12
        display_2                           1C14
        display_3                           1C16
        display_4                           1C18
        char_count                          NOT NEEDED
        current_line                        NOT NEEDED
        update_display_count                NOT NEEDED
        display_update_time                 NOT NEEDED
        spi_chipselect_idle                 CD98
        spi_chipselect_active               CDF6
        spi_reset_idle                      CE4A
        spi_reset_active                    CE52
        Init_LCD                            C742
        lcd_4line                           NOT NEEDED
        lcd_BIG_mid                         NOT NEEDED
        lcd_out                             CC86
        lcd_puts                            NOT NEEDED
        WriteIns                            CC16
        WriteData                           CC3C
        CheckBusy                           NOT NEEDED
        ClrDisplay                          CDEA
        SetPostion                          CD74
        DisplayOnOff                        CDCC
        Init_SPI_B0                         CB68
        SPI_B0_write                        CD26
        ?setjmp_save_r4                     NOT NEEDED
        ?setjmp_save_r5                     NOT NEEDED
        PAOUT                               0202
        PAOUT_H                             0203
        PAOUT_L                             0202
        PBOUT                               0222
        PBOUT_H                             0223
        PBOUT_L                             0222
        UCB0CTLW0                           0640
        UCB0CTLW0_H                         0641
        UCB0CTLW0_L                         0640
        UCB0BRW                             0646
        UCB0BRW_H                           0647
        UCB0BRW_L                           0646
        UCB0TXBUF                           064E
        UCB0TXBUF_H                         064F
        UCB0TXBUF_L                         064E
        UCB0IFG                             066C
        UCB0IFG_H                           066D
        UCB0IFG_L                           066C
LED ( C:\Users\Calvin\Dropbox\ncsu\ece306\Project8\Debug\Obj\LED.r43 )
        Init_LEDs                           NOT NEEDED
        ?setjmp_save_r4                     NOT NEEDED
        ?setjmp_save_r5                     NOT NEEDED
main ( C:\Users\Calvin\Dropbox\ncsu\ece306\Project8\Debug\Obj\main.r43 )
        _A_PBIN_L                           0220
        _A_PJOUT_L                          NOT NEEDED
        control_state                       NOT NEEDED
        Time_Sequence                       NOT NEEDED
        counter                             NOT NEEDED
        led_smclk                           NOT NEEDED
        posL1                               1C78
        posL2                               1C79
        posL3                               1C7A
        posL4                               1C7B
        msec_count                          1C1A
        ADC_Thumb                           1C1C
        adc_char                            NOT NEEDED
        Current_Time                        NOT NEEDED
        ADC_Channel                         1C1E
        ADC_Left_Detector                   1C20
        ADC_Right_Detector                  1C22
        msec_display                        NOT NEEDED
        SW_Count                            NOT NEEDED
        Black_Line                          NOT NEEDED
        White_Line                          NOT NEEDED
        ADC_Flag                            1C24
        right_forward_rate                  1C26
        right_reverse_rate                  1C28
        left_forward_rate                   1C2A
        left_reverse_rate                   1C2C
        message                             NOT NEEDED
        usb_rx_ring_wr                      1C2E
        usb_rx_ring_rd                      1C30
        usb_tx_ring_wr                      1C32
        usb_tx_ring_rd                      1C34
        USB_Char_Tx                         1C7C
        USB_Char_Rx                         1C85
        IOT_Char_Tx                         NOT NEEDED
        IOT_Char_Rx                         1C8E
        iot_tx_ring_wr                      1C36
        iot_rx_ring_wr                      1C38
        iot_tx_ring_rd                      1C3A
        iot_rx_ring_rd                      1C3C
        First_Char_Received                 NOT NEEDED
        check_com                           1C3E
        buff                                NOT NEEDED
        com_ind                             1C40
        catch                               1C42
        iot_command                         1C97
        iot_length                          1C44
        iot_ip                              1CBF
        ip_display                          1CE7
        ip_display_counter                  1C46
        ip_display_2                        1CF5
        ip_command_array                    1C02
        iot_flag                            1C48
        car_command                         1CF9
        time_forward                        NOT NEEDED
        time_forward1                       NOT NEEDED
        time_forward2                       NOT NEEDED
        time_forward3                       NOT NEEDED
        left_adc_ptr                        NOT NEEDED
        right_adc_ptr                       NOT NEEDED
        left_adc_data                       NOT NEEDED
        right_adc_data                      NOT NEEDED
        Controller_Flag                     1C00
        iot_reset_flag                      1C4A
        adc_display_flag                    NOT NEEDED
        main                                C476
        ?setjmp_save_r4                     NOT NEEDED
        ?setjmp_save_r5                     NOT NEEDED
        PBIN                                0220
        PBIN_H                              0221
        PBIN_L                              0220
        PJOUT                               0322
        PJOUT_H                             0323
        PJOUT_L                             0322
ports ( C:\Users\Calvin\Dropbox\ncsu\ece306\Project8\Debug\Obj\ports.r43 )
        _A_PAOUT_L                          NOT NEEDED
        _A_PADIR_L                          0204
        _A_PAREN_L                          0206
        _A_PASEL0_L                         020A
        _A_PASEL1_L                         020C
        _A_PBOUT_L                          NOT NEEDED
        _A_PBDIR_L                          0224
        _A_PBREN_L                          0226
        _A_PBSEL0_L                         022A
        _A_PBSEL1_L                         022C
        _A_PBIES_L                          0238
        _A_PBIE_L                           023A
        _A_PBIFG_L                          NOT NEEDED
        _A_PJOUT_L                          NOT NEEDED
        _A_PJDIR_L                          0324
        _A_PJSEL0_L                         032A
        _A_PJSEL1_L                         032C
        Init_Ports                          CD12
        Init_Port1                          C7E2
        Init_Port2                          CAA6
        Init_Port3                          C688
        Init_Port4                          CAE8
        Init_PortJ                          CA14
        ?setjmp_save_r4                     NOT NEEDED
        ?setjmp_save_r5                     NOT NEEDED
        PAOUT                               0202
        PAOUT_H                             0203
        PAOUT_L                             0202
        PADIR                               0204
        PADIR_H                             0205
        PADIR_L                             0204
        PAREN                               0206
        PAREN_H                             0207
        PAREN_L                             0206
        PASEL0                              020A
        PASEL0_H                            020B
        PASEL0_L                            020A
        PASEL1                              020C
        PASEL1_H                            020D
        PASEL1_L                            020C
        PBOUT                               0222
        PBOUT_H                             0223
        PBOUT_L                             0222
        PBDIR                               0224
        PBDIR_H                             0225
        PBDIR_L                             0224
        PBREN                               0226
        PBREN_H                             0227
        PBREN_L                             0226
        PBSEL0                              022A
        PBSEL0_H                            022B
        PBSEL0_L                            022A
        PBSEL1                              022C
        PBSEL1_H                            022D
        PBSEL1_L                            022C
        PBIES                               0238
        PBIES_H                             0239
        PBIES_L                             0238
        PBIE                                023A
        PBIE_H                              023B
        PBIE_L                              023A
        PBIFG                               023C
        PBIFG_H                             023D
        PBIFG_L                             023C
        PJOUT                               0322
        PJOUT_H                             0323
        PJOUT_L                             0322
        PJDIR                               0324
        PJDIR_H                             0325
        PJDIR_L                             0324
        PJSEL0                              032A
        PJSEL0_H                            032B
        PJSEL0_L                            032A
        PJSEL1                              032C
        PJSEL1_H                            032D
        PJSEL1_L                            032C
sc ( C:\Users\Calvin\Dropbox\ncsu\ece306\Project8\Debug\Obj\sc.r43 )
        _A_UCA0CTLW0_L                      05C0
        _A_UCA0BRW_L                        05C6
        _A_UCA0MCTLW_L                      05C8
        _A_UCA0IE_L                         05DA
        _A_UCA1CTLW0_L                      05E0
        _A_UCA1BRW_L                        05E6
        _A_UCA1MCTLW_L                      05E8
        _A_UCA1IE_L                         NOT NEEDED
        Init_Serial_UCA0                    C9B2
        Init_Serial_UCA1                    C950
        ?setjmp_save_r4                     NOT NEEDED
        ?setjmp_save_r5                     NOT NEEDED
        UCA0CTLW0                           05C0
        UCA0CTLW0_H                         05C1
        UCA0CTLW0_L                         05C0
        UCA0BRW                             05C6
        UCA0BRW_H                           05C7
        UCA0BRW_L                           05C6
        UCA0MCTLW                           05C8
        UCA0MCTLW_H                         05C9
        UCA0MCTLW_L                         05C8
        UCA0IE                              05DA
        UCA0IE_H                            05DB
        UCA0IE_L                            05DA
        UCA1CTLW0                           05E0
        UCA1CTLW0_H                         05E1
        UCA1CTLW0_L                         05E0
        UCA1BRW                             05E6
        UCA1BRW_H                           05E7
        UCA1BRW_L                           05E6
        UCA1MCTLW                           05E8
        UCA1MCTLW_H                         05E9
        UCA1MCTLW_L                         05E8
        UCA1IE                              05FA
        UCA1IE_H                            05FB
        UCA1IE_L                            05FA
switch ( C:\Users\Calvin\Dropbox\ncsu\ece306\Project8\Debug\Obj\switch.r43 )
        _A_PBIN_L                           NOT NEEDED
        Switches_Process                    NOT NEEDED
        ?setjmp_save_r4                     NOT NEEDED
        ?setjmp_save_r5                     NOT NEEDED
        PBIN                                0220
        PBIN_H                              0221
        PBIN_L                              0220
system ( C:\Users\Calvin\Dropbox\ncsu\ece306\Project8\Debug\Obj\system.r43 )
        enable_interrupts                   CE5A
        ?setjmp_save_r4                     NOT NEEDED
        ?setjmp_save_r5                     NOT NEEDED
timer ( C:\Users\Calvin\Dropbox\ncsu\ece306\Project8\Debug\Obj\timer.r43 )
        TA0CTL                              0340
        TA0CCTL0                            0342
        TA0CCTL1                            0344
        TA0CCR0                             NOT NEEDED
        TA0CCR1                             NOT NEEDED
        TA0EX0                              0360
        TB1CTL                              0400
        TB1CCTL1                            0404
        TB1CCTL2                            0406
        TB1CCR0                             0412
        TB1CCR1                             0414
        TB1CCR2                             0416
        TB2CTL                              0440
        TB2CCTL1                            0444
        TB2CCTL2                            0446
        TB2CCR0                             0452
        TB2CCR1                             0454
        TB2CCR2                             0456
        Init_Timers                         CE02
        five_msec_delay                     CCE4
        Init_Timer_A0                       CB2A
        Init_Timer_B1                       CBDE
        Init_Timer_B2                       CBA6
        ?setjmp_save_r4                     NOT NEEDED
        ?setjmp_save_r5                     NOT NEEDED
wheels ( C:\Users\Calvin\Dropbox\ncsu\ece306\Project8\Debug\Obj\wheels.r43 )
        TB1CCR1                             NOT NEEDED
        TB1CCR2                             NOT NEEDED
        TB2CCR1                             NOT NEEDED
        TB2CCR2                             NOT NEEDED
        Left_Wheel_Forward                  CE0E
        Left_Wheel_Reverse                  CE18
        Right_Wheel_Forward                 CE22
        Right_Wheel_Reverse                 CE40
        Left_Wheel_Off                      CE36
        Right_Wheel_Off                     CE2C
        ?setjmp_save_r4                     NOT NEEDED
        ?setjmp_save_r5                     NOT NEEDED
?abort ( C:\Program Files (x86)\IAR Systems\Embedded Workbench 7.3\430\lib\dlib\dl430xlsfn.r43 )
        abort                               NOT NEEDED
?__dbg_break ( C:\Program Files (x86)\IAR Systems\Embedded Workbench 7.3\430\lib\dlib\dl430xlsfn.r43 )
        __DebugBreak                        CE6C
?__dwrite ( C:\Program Files (x86)\IAR Systems\Embedded Workbench 7.3\430\lib\dlib\dl430xlsfn.r43 )
        __dwrite                            NOT NEEDED
?__exit ( C:\Program Files (x86)\IAR Systems\Embedded Workbench 7.3\430\lib\dlib\dl430xlsfn.r43 )
        __exit                              CD3A
?__write ( C:\Program Files (x86)\IAR Systems\Embedded Workbench 7.3\430\lib\dlib\dl430xlsfn.r43 )
        __write                             NOT NEEDED
?_exit ( C:\Program Files (x86)\IAR Systems\Embedded Workbench 7.3\430\lib\dlib\dl430xlsfn.r43 )
        _exit                               CE60
        __cstart_call_dtors                 NOT NEEDED
        __cstart_closeall                   NOT NEEDED
        __cstart_clearlocks                 NOT NEEDED
?cppinit ( C:\Program Files (x86)\IAR Systems\Embedded Workbench 7.3\430\lib\dlib\dl430xlsfn.r43 )
        __call_ctors                        NOT NEEDED
        __alloc_record_needed_destruction   NOT NEEDED
        __record_needed_destruction         NOT NEEDED
        __call_dtors                        NOT NEEDED
        __data16_vec_cctor                  NOT NEEDED
?cstart ( C:\Program Files (x86)\IAR Systems\Embedded Workbench 7.3\430\lib\dlib\dl430xlsfn.r43 )
        __program_start                     C23A
        ?cstart_begin                       C23A
        ?cstart_call_mpu_init               NOT NEEDED
        ?cstart_call_low_level_init         NOT NEEDED
        ?cstart_init_copy_ramfunc           NOT NEEDED
        ?cstart_init_zero                   C23E
        ?cstart_init_copy                   C24A
        ?cstart_init_zero20                 NOT NEEDED
        ?cstart_init_copy20                 NOT NEEDED
        __cstart_init_tls                   NOT NEEDED
        ?cstart_call_ctors                  NOT NEEDED
        ?cstart_call_main                   C25A
        ?cstart_end                         C262
lowinit ( C:\Program Files (x86)\IAR Systems\Embedded Workbench 7.3\430\lib\dlib\dl430xlsfn.r43 )
        __low_level_init                    NOT NEEDED
?reset_vector ( C:\Program Files (x86)\IAR Systems\Embedded Workbench 7.3\430\lib\dlib\dl430xlsfn.r43 )
        ?reset_vector                       FFFE
?exit ( C:\Program Files (x86)\IAR Systems\Embedded Workbench 7.3\430\lib\dlib\dl430xlsfn.r43 )
        exit                                CE68
?malloc ( C:\Program Files (x86)\IAR Systems\Embedded Workbench 7.3\430\lib\dlib\dl430xlsfn.r43 )
        malloc                              NOT NEEDED
?memcpy ( C:\Program Files (x86)\IAR Systems\Embedded Workbench 7.3\430\lib\dlib\dl430xlsfn.r43 )
        memcpy                              CD86
?memmove ( C:\Program Files (x86)\IAR Systems\Embedded Workbench 7.3\430\lib\dlib\dl430xlsfn.r43 )
        memmove                             NOT NEEDED
?memzero ( C:\Program Files (x86)\IAR Systems\Embedded Workbench 7.3\430\lib\dlib\dl430xlsfn.r43 )
        __data16_memzero                    CDBC
        __data16_memcpy                     CE64
        __data16_memmove                    NOT NEEDED
?MpuInit ( C:\Program Files (x86)\IAR Systems\Embedded Workbench 7.3\430\lib\dlib\dl430xlsfn.r43 )
        __iar_430_mpu_init                  NOT NEEDED
        ?mpu1_4k_init                       NOT NEEDED
        ?mpu1_8k_init                       NOT NEEDED
        ?mpu1_16k_init                      NOT NEEDED
        ?mpu2_init                          NOT NEEDED
?setjmp ( C:\Program Files (x86)\IAR Systems\Embedded Workbench 7.3\430\lib\dlib\dl430xlsfn.r43 )
        setjmp                              NOT NEEDED
        ?setjmp_r5                          NOT NEEDED
        ?setjmp_r4                          NOT NEEDED
        ?setjmp_end                         NOT NEEDED
?longjmp ( C:\Program Files (x86)\IAR Systems\Embedded Workbench 7.3\430\lib\dlib\dl430xlsfn.r43 )
        longjmp                             NOT NEEDED
        ?longjmp_r5                         NOT NEEDED
        ?longjmp_r4                         NOT NEEDED
        ?longjmp_end                        NOT NEEDED
?IndCallR11 ( C:\Program Files (x86)\IAR Systems\Embedded Workbench 7.3\430\lib\dlib\dl430xlsfn.r43 )
        ?IndCallR11                         NOT NEEDED
?IndCallR15 ( C:\Program Files (x86)\IAR Systems\Embedded Workbench 7.3\430\lib\dlib\dl430xlsfn.r43 )
        ?IndCallR15                         NOT NEEDED
?xcloseall ( C:\Program Files (x86)\IAR Systems\Embedded Workbench 7.3\430\lib\dlib\dl430xlsfn.r43 )
        _Close_all                          NOT NEEDED
?xgetmemchunk ( C:\Program Files (x86)\IAR Systems\Embedded Workbench 7.3\430\lib\dlib\dl430xlsfn.r43 )
        __data16_GetMemChunk                NOT NEEDED
?xxmemxfree ( C:\Program Files (x86)\IAR Systems\Embedded Workbench 7.3\430\lib\dlib\dl430xlsfn.r43 )
        __data16_free                       NOT NEEDED
?xxmemxmalloc ( C:\Program Files (x86)\IAR Systems\Embedded Workbench 7.3\430\lib\dlib\dl430xlsfn.r43 )
        __data16_Aldata                     NOT NEEDED
        __data16_malloc                     NOT NEEDED
        __data16_findmem                     LOCAL, NOT NEEDED


                ****************************************
                *                                      *
                *            MODULE SUMMARY            *
                *                                      *
                ****************************************

Module               CODE      DATA      CONST
------               ----      ----      -----
                    (Rel)  (Rel)  (Abs)  (Rel)
?__dbg_break            2
?__exit                20
?_exit                  4
?cstart                40
?exit                   4
?memcpy                18
?memzero               20
?reset_vector           2
LCD                   446     52      8
  + shared                            4
adc                   226            14
  + common             94
clocks                114            12
display                68
init                   30
interrupts_serial     332      8      8
  + shared             98             4
  + common
interrupts_switch      42                    1
  + shared             66             2
  + common
interrupts_timer       54             4
  + shared             92             4
  + common
iot                   142             4
  + shared                            4
main                  530    289            56
  + shared                            2
ports                 560            26
sc                    196            14
system                  6
timer                 210            24
  + shared                            8
wheels                 60
N/A (command line)           160
N/A (alignment)
----------          -----    ---    ---     --
Total:              3 126    509    142     57
  + common             98


                ****************************************
                *                                      *
                *      SEGMENTS IN ADDRESS ORDER       *
                *                                      *
                ****************************************


SEGMENT              SPACE    START ADDRESS   END ADDRESS     SIZE  TYPE  ALIGN
=======              =====    =============   ===========     ====  ====  =====
DATA16_AN                              015C - 015D               2   rel    0
                                       0160 - 0169               A 
                                       0202 - 0207               6 
                                       020A - 020D               4 
                                       0220 - 0227               8 
                                       022A - 022D               4 
                                       0238 - 023D               6 
                                       0322 - 0325               4 
                                       032A - 032D               4 
                                       0340 - 0345               6 
                                       0352 - 0357               6 
                                       0360 - 0361               2 
                                       036E - 036F               2 
                                       0400 - 0401               2 
                                       0404 - 0407               4 
                                       0412 - 0417               6 
                                       0440 - 0441               2 
                                       0444 - 0447               4 
                                       0452 - 0457               6 
                                       05C0 - 05C1               2 
                                       05C6 - 05C9               4 
                                       05CC - 05CF               4 
                                       05DA - 05E1               8 
                                       05E6 - 05E9               4 
                                       05EC - 05EF               4 
                                       05FA - 05FF               6 
                                       0640 - 0641               2 
                                       0646 - 0647               2 
                                       064E - 064F               2 
                                       066C - 066D               2 
                                       0700 - 0705               6 
                                       070A - 070B               2 
                                       0712 - 0713               2 
                                       071A - 071B               2 
                                       071E - 071F               2 
DATA16_I                               1C00 - 1C09               A   rel    1
DATA16_Z                               1C0A - 1D5C             153   rel    1
DATA20_I                                  1D5E                       rel    1
DATA20_Z                                  1D5E                       rel    1
DATA20_N                                  1D5E                       rel    1
CODE_I                                    1D5E                       rel    1
CSTACK                                 1F60 - 1FFF              A0   rel    1
DATA16_C                               C200 - C22E              2F   rel    0
DATA16_ID                              C230 - C239               A   rel    1
DATA20_ID                                 C23A                       rel    1
DATA20_C                                  C23A                       rel    1
CSTART                                 C23A - C261              28   rel    1
ISR_CODE                               C262 - C475             214   rel    1
CODE_ID                                   C476                       rel    1
<CODE> 1                               C476 - CE6D             9F8   rel    1
INTVEC                                 FF90 - FFF1              62   com    1
RESET                                  FFFE - FFFF               2   rel    1

                ****************************************
                *                                      *
                *        END OF CROSS REFERENCE        *
                *                                      *
                ****************************************

 3 224 bytes of CODE  memory
   509 bytes of DATA  memory (+ 142 absolute )
    57 bytes of CONST memory

Errors: none
Warnings: none

